Archive member included to satisfy reference by file (symbol)

d:/arm-gun-toolchain/12.2 mpacbti-rel1/bin/../lib/gcc/arm-none-eabi/12.2.1/thumb/v7e-m/nofp\libgcc.a(_arm_mulsf3.o)
                              CMakeFiles/test_dwt.elf.dir/lib/core_delay.c.obj (__aeabi_fmul)
d:/arm-gun-toolchain/12.2 mpacbti-rel1/bin/../lib/gcc/arm-none-eabi/12.2.1/thumb/v7e-m/nofp\libgcc.a(_arm_addsubsf3.o)
                              CMakeFiles/test_dwt.elf.dir/lib/core_delay.c.obj (__aeabi_ui2f)
d:/arm-gun-toolchain/12.2 mpacbti-rel1/bin/../lib/gcc/arm-none-eabi/12.2.1/thumb/v7e-m/nofp\libgcc.a(_arm_muldivsf3.o)
                              CMakeFiles/test_dwt.elf.dir/lib/core_delay.c.obj (__aeabi_fdiv)
d:/arm-gun-toolchain/12.2 mpacbti-rel1/bin/../lib/gcc/arm-none-eabi/12.2.1/thumb/v7e-m/nofp\libgcc.a(_arm_fixunssfsi.o)
                              CMakeFiles/test_dwt.elf.dir/lib/core_delay.c.obj (__aeabi_f2uiz)
d:/arm-gun-toolchain/12.2 mpacbti-rel1/bin/../lib/gcc/arm-none-eabi/12.2.1/thumb/v7e-m/nofp\libgcc.a(_aeabi_uldivmod.o)
                              CMakeFiles/test_dwt.elf.dir/Drivers/STM32G4xx_HAL_Driver/Src/stm32g4xx_hal_uart.c.obj (__aeabi_uldivmod)
d:/arm-gun-toolchain/12.2 mpacbti-rel1/bin/../lib/gcc/arm-none-eabi/12.2.1/thumb/v7e-m/nofp\libgcc.a(_udivmoddi4.o)
                              d:/arm-gun-toolchain/12.2 mpacbti-rel1/bin/../lib/gcc/arm-none-eabi/12.2.1/thumb/v7e-m/nofp\libgcc.a(_aeabi_uldivmod.o) (__udivmoddi4)
d:/arm-gun-toolchain/12.2 mpacbti-rel1/bin/../lib/gcc/arm-none-eabi/12.2.1/thumb/v7e-m/nofp\libgcc.a(_dvmd_tls.o)
                              d:/arm-gun-toolchain/12.2 mpacbti-rel1/bin/../lib/gcc/arm-none-eabi/12.2.1/thumb/v7e-m/nofp\libgcc.a(_aeabi_uldivmod.o) (__aeabi_ldiv0)
d:/arm-gun-toolchain/12.2 mpacbti-rel1/bin/../lib/gcc/arm-none-eabi/12.2.1/thumb/v7e-m/nofp\libg.a(libc_a-exit.o)
                              d:/arm-gun-toolchain/12.2 mpacbti-rel1/bin/../lib/gcc/arm-none-eabi/12.2.1/thumb/v7e-m/nofp/crt0.o (exit)
d:/arm-gun-toolchain/12.2 mpacbti-rel1/bin/../lib/gcc/arm-none-eabi/12.2.1/thumb/v7e-m/nofp\libg.a(libc_a-findfp.o)
                              d:/arm-gun-toolchain/12.2 mpacbti-rel1/bin/../lib/gcc/arm-none-eabi/12.2.1/thumb/v7e-m/nofp\libg.a(libc_a-exit.o) (__stdio_exit_handler)
d:/arm-gun-toolchain/12.2 mpacbti-rel1/bin/../lib/gcc/arm-none-eabi/12.2.1/thumb/v7e-m/nofp\libg.a(libc_a-fwalk.o)
                              d:/arm-gun-toolchain/12.2 mpacbti-rel1/bin/../lib/gcc/arm-none-eabi/12.2.1/thumb/v7e-m/nofp\libg.a(libc_a-findfp.o) (_fwalk_sglue)
d:/arm-gun-toolchain/12.2 mpacbti-rel1/bin/../lib/gcc/arm-none-eabi/12.2.1/thumb/v7e-m/nofp\libg.a(libc_a-stdio.o)
                              d:/arm-gun-toolchain/12.2 mpacbti-rel1/bin/../lib/gcc/arm-none-eabi/12.2.1/thumb/v7e-m/nofp\libg.a(libc_a-findfp.o) (__sread)
d:/arm-gun-toolchain/12.2 mpacbti-rel1/bin/../lib/gcc/arm-none-eabi/12.2.1/thumb/v7e-m/nofp\libg.a(libc_a-vsnprintf.o)
                              CMakeFiles/test_dwt.elf.dir/Core/Src/main.c.obj (vsnprintf)
d:/arm-gun-toolchain/12.2 mpacbti-rel1/bin/../lib/gcc/arm-none-eabi/12.2.1/thumb/v7e-m/nofp\libg.a(libc_a-memset.o)
                              d:/arm-gun-toolchain/12.2 mpacbti-rel1/bin/../lib/gcc/arm-none-eabi/12.2.1/thumb/v7e-m/nofp/crt0.o (memset)
d:/arm-gun-toolchain/12.2 mpacbti-rel1/bin/../lib/gcc/arm-none-eabi/12.2.1/thumb/v7e-m/nofp\libg.a(libc_a-strncmp.o)
                              CMakeFiles/test_dwt.elf.dir/rt-thread/components/finsh/cmd.c.obj (strncmp)
d:/arm-gun-toolchain/12.2 mpacbti-rel1/bin/../lib/gcc/arm-none-eabi/12.2.1/thumb/v7e-m/nofp\libg.a(libc_a-closer.o)
                              d:/arm-gun-toolchain/12.2 mpacbti-rel1/bin/../lib/gcc/arm-none-eabi/12.2.1/thumb/v7e-m/nofp\libg.a(libc_a-stdio.o) (_close_r)
d:/arm-gun-toolchain/12.2 mpacbti-rel1/bin/../lib/gcc/arm-none-eabi/12.2.1/thumb/v7e-m/nofp\libg.a(libc_a-reent.o)
                              d:/arm-gun-toolchain/12.2 mpacbti-rel1/bin/../lib/gcc/arm-none-eabi/12.2.1/thumb/v7e-m/nofp\libg.a(libc_a-closer.o) (errno)
d:/arm-gun-toolchain/12.2 mpacbti-rel1/bin/../lib/gcc/arm-none-eabi/12.2.1/thumb/v7e-m/nofp\libg.a(libc_a-impure.o)
                              d:/arm-gun-toolchain/12.2 mpacbti-rel1/bin/../lib/gcc/arm-none-eabi/12.2.1/thumb/v7e-m/nofp\libg.a(libc_a-vsnprintf.o) (_impure_ptr)
d:/arm-gun-toolchain/12.2 mpacbti-rel1/bin/../lib/gcc/arm-none-eabi/12.2.1/thumb/v7e-m/nofp\libg.a(libc_a-lseekr.o)
                              d:/arm-gun-toolchain/12.2 mpacbti-rel1/bin/../lib/gcc/arm-none-eabi/12.2.1/thumb/v7e-m/nofp\libg.a(libc_a-stdio.o) (_lseek_r)
d:/arm-gun-toolchain/12.2 mpacbti-rel1/bin/../lib/gcc/arm-none-eabi/12.2.1/thumb/v7e-m/nofp\libg.a(libc_a-readr.o)
                              d:/arm-gun-toolchain/12.2 mpacbti-rel1/bin/../lib/gcc/arm-none-eabi/12.2.1/thumb/v7e-m/nofp\libg.a(libc_a-stdio.o) (_read_r)
d:/arm-gun-toolchain/12.2 mpacbti-rel1/bin/../lib/gcc/arm-none-eabi/12.2.1/thumb/v7e-m/nofp\libg.a(libc_a-writer.o)
[...]
Memory Configuration

Name             Origin             Length             Attributes
RAM              0x20000000         0x00008000         xrw
FLASH            0x08000000         0x00020000         xr
*default*        0x00000000         0xffffffff

Linker script and memory map

LOAD d:/arm-gun-toolchain/12.2 mpacbti-rel1/bin/../lib/gcc/arm-none-eabi/12.2.1/thumb/v7e-m/nofp/crti.o
LOAD d:/arm-gun-toolchain/12.2 mpacbti-rel1/bin/../lib/gcc/arm-none-eabi/12.2.1/thumb/v7e-m/nofp/crtbegin.o
LOAD d:/arm-gun-toolchain/12.2 mpacbti-rel1/bin/../lib/gcc/arm-none-eabi/12.2.1/thumb/v7e-m/nofp/crt0.o
LOAD CMakeFiles/test_dwt.elf.dir/APPlication/application.c.obj
LOAD CMakeFiles/test_dwt.elf.dir/Core/Src/gpio.c.obj
LOAD CMakeFiles/test_dwt.elf.dir/Core/Src/main.c.obj
LOAD CMakeFiles/test_dwt.elf.dir/Core/Src/stm32g4xx_hal_msp.c.obj
LOAD CMakeFiles/test_dwt.elf.dir/Core/Src/stm32g4xx_it.c.obj
LOAD CMakeFiles/test_dwt.elf.dir/Core/Src/syscalls.c.obj
LOAD CMakeFiles/test_dwt.elf.dir/Core/Src/sysmem.c.obj
LOAD CMakeFiles/test_dwt.elf.dir/Core/Src/system_stm32g4xx.c.obj
LOAD CMakeFiles/test_dwt.elf.dir/Core/Src/usart.c.obj
LOAD CMakeFiles/test_dwt.elf.dir/Core/Startup/startup_stm32g431rbtx.s.obj
LOAD CMakeFiles/test_dwt.elf.dir/Drivers/STM32G4xx_HAL_Driver/Src/stm32g4xx_hal.c.obj
LOAD CMakeFiles/test_dwt.elf.dir/Drivers/STM32G4xx_HAL_Driver/Src/stm32g4xx_hal_cortex.c.obj
LOAD CMakeFiles/test_dwt.elf.dir/Drivers/STM32G4xx_HAL_Driver/Src/stm32g4xx_hal_dma.c.obj
LOAD CMakeFiles/test_dwt.elf.dir/Drivers/STM32G4xx_HAL_Driver/Src/stm32g4xx_hal_dma_ex.c.obj
LOAD CMakeFiles/test_dwt.elf.dir/Drivers/STM32G4xx_HAL_Driver/Src/stm32g4xx_hal_exti.c.obj
LOAD CMakeFiles/test_dwt.elf.dir/Drivers/STM32G4xx_HAL_Driver/Src/stm32g4xx_hal_flash.c.obj
LOAD CMakeFiles/test_dwt.elf.dir/Drivers/STM32G4xx_HAL_Driver/Src/stm32g4xx_hal_flash_ex.c.obj
LOAD CMakeFiles/test_dwt.elf.dir/Drivers/STM32G4xx_HAL_Driver/Src/stm32g4xx_hal_flash_ramfunc.c.obj
LOAD CMakeFiles/test_dwt.elf.dir/Drivers/STM32G4xx_HAL_Driver/Src/stm32g4xx_hal_gpio.c.obj
LOAD CMakeFiles/test_dwt.elf.dir/Drivers/STM32G4xx_HAL_Driver/Src/stm32g4xx_hal_pwr.c.obj
LOAD CMakeFiles/test_dwt.elf.dir/Drivers/STM32G4xx_HAL_Driver/Src/stm32g4xx_hal_pwr_ex.c.obj
LOAD CMakeFiles/test_dwt.elf.dir/Drivers/STM32G4xx_HAL_Driver/Src/stm32g4xx_hal_rcc.c.obj
LOAD CMakeFiles/test_dwt.elf.dir/Drivers/STM32G4xx_HAL_Driver/Src/stm32g4xx_hal_rcc_ex.c.obj
LOAD CMakeFiles/test_dwt.elf.dir/Drivers/STM32G4xx_HAL_Driver/Src/stm32g4xx_hal_tim.c.obj
LOAD CMakeFiles/test_dwt.elf.dir/Drivers/STM32G4xx_HAL_Driver/Src/stm32g4xx_hal_tim_ex.c.obj
LOAD CMakeFiles/test_dwt.elf.dir/Drivers/STM32G4xx_HAL_Driver/Src/stm32g4xx_hal_uart.c.obj
LOAD CMakeFiles/test_dwt.elf.dir/Drivers/STM32G4xx_HAL_Driver/Src/stm32g4xx_hal_uart_ex.c.obj
LOAD CMakeFiles/test_dwt.elf.dir/lib/core_delay.c.obj
LOAD CMakeFiles/test_dwt.elf.dir/rt-thread/bsp/board.c.obj
LOAD CMakeFiles/test_dwt.elf.dir/rt-thread/components/device/device.c.obj
LOAD CMakeFiles/test_dwt.elf.dir/rt-thread/components/finsh/cmd.c.obj
LOAD CMakeFiles/test_dwt.elf.dir/rt-thread/components/finsh/finsh_port.c.obj
LOAD CMakeFiles/test_dwt.elf.dir/rt-thread/components/finsh/msh.c.obj
LOAD CMakeFiles/test_dwt.elf.dir/rt-thread/components/finsh/shell.c.obj
LOAD CMakeFiles/test_dwt.elf.dir/rt-thread/libcpu/arm/cortex-m4/context_gcc.S.obj
LOAD CMakeFiles/test_dwt.elf.dir/rt-thread/libcpu/arm/cortex-m4/cpuport.c.obj
LOAD CMakeFiles/test_dwt.elf.dir/rt-thread/src/clock.c.obj
LOAD CMakeFiles/test_dwt.elf.dir/rt-thread/src/components.c.obj
LOAD CMakeFiles/test_dwt.elf.dir/rt-thread/src/cpu.c.obj
LOAD CMakeFiles/test_dwt.elf.dir/rt-thread/src/idle.c.obj
LOAD CMakeFiles/test_dwt.elf.dir/rt-thread/src/ipc.c.obj
LOAD CMakeFiles/test_dwt.elf.dir/rt-thread/src/irq.c.obj
LOAD CMakeFiles/test_dwt.elf.dir/rt-thread/src/kservice.c.obj
LOAD CMakeFiles/test_dwt.elf.dir/rt-thread/src/mem.c.obj
LOAD CMakeFiles/test_dwt.elf.dir/rt-thread/src/memheap.c.obj
LOAD CMakeFiles/test_dwt.elf.dir/rt-thread/src/mempool.c.obj
LOAD CMakeFiles/test_dwt.elf.dir/rt-thread/src/object.c.obj
LOAD CMakeFiles/test_dwt.elf.dir/rt-thread/src/scheduler.c.obj
LOAD CMakeFiles/test_dwt.elf.dir/rt-thread/src/slab.c.obj
LOAD CMakeFiles/test_dwt.elf.dir/rt-thread/src/thread.c.obj
LOAD CMakeFiles/test_dwt.elf.dir/rt-thread/src/timer.c.obj
START GROUP
LOAD d:/arm-gun-toolchain/12.2 mpacbti-rel1/bin/../lib/gcc/arm-none-eabi/12.2.1/thumb/v7e-m/nofp\libgcc.a
LOAD d:/arm-gun-toolchain/12.2 mpacbti-rel1/bin/../lib/gcc/arm-none-eabi/12.2.1/thumb/v7e-m/nofp\libg.a
LOAD d:/arm-gun-toolchain/12.2 mpacbti-rel1/bin/../lib/gcc/arm-none-eabi/12.2.1/thumb/v7e-m/nofp\libc.a
END GROUP
LOAD d:/arm-gun-toolchain/12.2 mpacbti-rel1/bin/../lib/gcc/arm-none-eabi/12.2.1/thumb/v7e-m/nofp/crtend.o
LOAD d:/arm-gun-toolchain/12.2 mpacbti-rel1/bin/../lib/gcc/arm-none-eabi/12.2.1/thumb/v7e-m/nofp/crtn.o
                0x20008000                        _estack = (ORIGIN (RAM) + LENGTH (RAM))
                0x00000200                        _Min_Heap_Size = 0x200
                0x00000400                        _Min_Stack_Size = 0x400

.isr_vector     0x08000000      0x1d8
                0x08000000                        . = ALIGN (0x4)
 *(.isr_vector)
 .isr_vector    0x08000000      0x1d8 CMakeFiles/test_dwt.elf.dir/Core/Startup/startup_stm32g431rbtx.s.obj
                0x08000000                g_pfnVectors
                0x080001d8                        . = ALIGN (0x4)

.text           0x08000200     0x49e8
                0x08000200                        . = ALIGN (0x4)
 *(.text)
 .text          0x08000200       0xfc CMakeFiles/test_dwt.elf.dir/rt-thread/libcpu/arm/cortex-m4/context_gcc.S.obj
                0x08000200                rt_hw_interrupt_disable
                0x08000208                rt_hw_interrupt_enable
                0x0800020e                rt_hw_context_switch_interrupt
                0x0800020e                rt_hw_context_switch
                0x0800022e                PendSV_Handler
                0x0800026a                rt_hw_context_switch_to
                0x080002a4                rt_hw_interrupt_thread_switch
                0x080002a8                HardFault_Handler
 .text          0x080002fc      0x21c d:/arm-gun-toolchain/12.2 mpacbti-rel1/bin/../lib/gcc/arm-none-eabi/12.2.1/thumb/v7e-m/nofp\libgcc.a(_arm_addsubsf3.o)
                0x080002fc                __aeabi_frsub
                0x08000304                __subsf3
                0x08000304                __aeabi_fsub
                0x08000308                __aeabi_fadd
                0x08000308                __addsf3
                0x08000468                __aeabi_ui2f
                0x08000468                __floatunsisf
                0x08000470                __aeabi_i2f
                0x08000470                __floatsisf
                0x0800048c                __aeabi_ul2f
                0x0800048c                __floatundisf
                0x0800049c                __aeabi_l2f
                0x0800049c                __floatdisf
 .text          0x08000518      0x2a0 d:/arm-gun-toolchain/12.2 mpacbti-rel1/bin/../lib/gcc/arm-none-eabi/12.2.1/thumb/v7e-m/nofp\libgcc.a(_arm_muldivsf3.o)
                0x08000518                __mulsf3
                0x08000518                __aeabi_fmul
                0x08000680                __aeabi_fdiv
                0x08000680                __divsf3
 .text          0x080007b8       0x40 d:/arm-gun-toolchain/12.2 mpacbti-rel1/bin/../lib/gcc/arm-none-eabi/12.2.1/thumb/v7e-m/nofp\libgcc.a(_arm_fixunssfsi.o)
                0x080007b8                __fixunssfsi
                0x080007b8                __aeabi_f2uiz
 .text          0x080007f8       0x30 d:/arm-gun-toolchain/12.2 mpacbti-rel1/bin/../lib/gcc/arm-none-eabi/12.2.1/thumb/v7e-m/nofp\libgcc.a(_aeabi_uldivmod.o)
                0x080007f8                __aeabi_uldivmod
 .text          0x08000828        0x4 d:/arm-gun-toolchain/12.2 mpacbti-rel1/bin/../lib/gcc/arm-none-eabi/12.2.1/thumb/v7e-m/nofp\libgcc.a(_dvmd_tls.o)
                0x08000828                __aeabi_idiv0
                0x08000828                __aeabi_ldiv0
 .text          0x0800082c      0x134 d:/arm-gun-toolchain/12.2 mpacbti-rel1/bin/../lib/gcc/arm-none-eabi/12.2.1/thumb/v7e-m/nofp\libg.a(libc_a-memcpy.o)
                0x0800082c                memcpy
 *fill*         0x08000960       0x20 
 .text          0x08000980       0xd8 d:/arm-gun-toolchain/12.2 mpacbti-rel1/bin/../lib/gcc/arm-none-eabi/12.2.1/thumb/v7e-m/nofp\libg.a(libc_a-strlen.o)
                0x08000980                strlen
 *(.text*)
 .text.deregister_tm_clones
                0x08000a58       0x1c d:/arm-gun-toolchain/12.2 mpacbti-rel1/bin/../lib/gcc/arm-none-eabi/12.2.1/thumb/v7e-m/nofp/crtbegin.o
 .text.register_tm_clones
                0x08000a74       0x24 d:/arm-gun-toolchain/12.2 mpacbti-rel1/bin/../lib/gcc/arm-none-eabi/12.2.1/thumb/v7e-m/nofp/crtbegin.o
 .text.__do_global_dtors_aux
                0x08000a98       0x28 d:/arm-gun-toolchain/12.2 mpacbti-rel1/bin/../lib/gcc/arm-none-eabi/12.2.1/thumb/v7e-m/nofp/crtbegin.o
 .text.frame_dummy
                0x08000ac0       0x24 d:/arm-gun-toolchain/12.2 mpacbti-rel1/bin/../lib/gcc/arm-none-eabi/12.2.1/thumb/v7e-m/nofp/crtbegin.o
 .text.led1_thread_entry
                0x08000ae4       0x1c CMakeFiles/test_dwt.elf.dir/APPlication/application.c.obj
 .text.main     0x08000b00       0x48 CMakeFiles/test_dwt.elf.dir/APPlication/application.c.obj
                0x08000b00                main
 .text.MX_GPIO_Init
                0x08000b48       0xb8 CMakeFiles/test_dwt.elf.dir/Core/Src/gpio.c.obj
                0x08000b48                MX_GPIO_Init
 .text.Error_Handler
                0x08000c00        0x4 CMakeFiles/test_dwt.elf.dir/Core/Src/main.c.obj
                0x08000c00                Error_Handler
 .text.SystemClock_Config
                0x08000c04       0x6e CMakeFiles/test_dwt.elf.dir/Core/Src/main.c.obj
                0x08000c04                SystemClock_Config
 *fill*         0x08000c72        0x2 
 .text.HAL_MspInit
                0x08000c74       0x38 CMakeFiles/test_dwt.elf.dir/Core/Src/stm32g4xx_hal_msp.c.obj
                0x08000c74                HAL_MspInit
 .text.NMI_Handler
                0x08000cac        0x2 CMakeFiles/test_dwt.elf.dir/Core/Src/stm32g4xx_it.c.obj
                0x08000cac                NMI_Handler
 .text.MemManage_Handler
                0x08000cae        0x2 CMakeFiles/test_dwt.elf.dir/Core/Src/stm32g4xx_it.c.obj
                0x08000cae                MemManage_Handler
 .text.BusFault_Handler
                0x08000cb0        0x2 CMakeFiles/test_dwt.elf.dir/Core/Src/stm32g4xx_it.c.obj
                0x08000cb0                BusFault_Handler
 .text.UsageFault_Handler
                0x08000cb2        0x2 CMakeFiles/test_dwt.elf.dir/Core/Src/stm32g4xx_it.c.obj
                0x08000cb2                UsageFault_Handler
 .text.SVC_Handler
                0x08000cb4        0x2 CMakeFiles/test_dwt.elf.dir/Core/Src/stm32g4xx_it.c.obj
                0x08000cb4                SVC_Handler
 .text.DebugMon_Handler
                0x08000cb6        0x2 CMakeFiles/test_dwt.elf.dir/Core/Src/stm32g4xx_it.c.obj
                0x08000cb6                DebugMon_Handler
 .text.SystemInit
                0x08000cb8        0x2 CMakeFiles/test_dwt.elf.dir/Core/Src/system_stm32g4xx.c.obj
                0x08000cb8                SystemInit
 *fill*         0x08000cba        0x2 
 .text.SystemCoreClockUpdate
                0x08000cbc       0x90 CMakeFiles/test_dwt.elf.dir/Core/Src/system_stm32g4xx.c.obj
                0x08000cbc                SystemCoreClockUpdate
 .text.MX_USART1_UART_Init
                0x08000d4c       0x68 CMakeFiles/test_dwt.elf.dir/Core/Src/usart.c.obj
                0x08000d4c                MX_USART1_UART_Init
 .text.HAL_UART_MspInit
                0x08000db4       0x88 CMakeFiles/test_dwt.elf.dir/Core/Src/usart.c.obj
                0x08000db4                HAL_UART_MspInit
 .text.Reset_Handler
                0x08000e3c       0x50 CMakeFiles/test_dwt.elf.dir/Core/Startup/startup_stm32g431rbtx.s.obj
                0x08000e3c                Reset_Handler
 .text.Default_Handler
                0x08000e8c        0x2 CMakeFiles/test_dwt.elf.dir/Core/Startup/startup_stm32g431rbtx.s.obj
                0x08000e8c                RTC_Alarm_IRQHandler
                0x08000e8c                EXTI2_IRQHandler
                0x08000e8c                TIM8_TRG_COM_IRQHandler
                0x08000e8c                TIM8_CC_IRQHandler
                0x08000e8c                TIM1_CC_IRQHandler
                0x08000e8c                USB_HP_IRQHandler
                0x08000e8c                CORDIC_IRQHandler
                0x08000e8c                EXTI3_IRQHandler
                0x08000e8c                I2C3_ER_IRQHandler
                0x08000e8c                EXTI0_IRQHandler
                0x08000e8c                I2C2_EV_IRQHandler
                0x08000e8c                FPU_IRQHandler
                0x08000e8c                FDCAN1_IT1_IRQHandler
                0x08000e8c                TIM1_UP_TIM16_IRQHandler
                0x08000e8c                ADC1_2_IRQHandler
                0x08000e8c                SPI1_IRQHandler
                0x08000e8c                TIM6_DAC_IRQHandler
                0x08000e8c                TIM8_UP_IRQHandler
                0x08000e8c                DMA2_Channel2_IRQHandler
                0x08000e8c                DMA1_Channel4_IRQHandler
                0x08000e8c                USART3_IRQHandler
                0x08000e8c                TIM4_IRQHandler
                0x08000e8c                DMA2_Channel1_IRQHandler
                0x08000e8c                I2C1_EV_IRQHandler
                0x08000e8c                DMA1_Channel6_IRQHandler
                0x08000e8c                UART4_IRQHandler
                0x08000e8c                DMA2_Channel4_IRQHandler
                0x08000e8c                TIM3_IRQHandler
                0x08000e8c                RCC_IRQHandler
                0x08000e8c                DMA1_Channel1_IRQHandler
                0x08000e8c                Default_Handler
                0x08000e8c                RTC_TAMP_LSECSS_IRQHandler
                0x08000e8c                FMAC_IRQHandler
                0x08000e8c                EXTI15_10_IRQHandler
                0x08000e8c                TIM7_IRQHandler
                0x08000e8c                UCPD1_IRQHandler
                0x08000e8c                I2C3_EV_IRQHandler
                0x08000e8c                EXTI9_5_IRQHandler
                0x08000e8c                RTC_WKUP_IRQHandler
                0x08000e8c                PVD_PVM_IRQHandler
                0x08000e8c                SPI2_IRQHandler
                0x08000e8c                DMA2_Channel5_IRQHandler
                0x08000e8c                CRS_IRQHandler
                0x08000e8c                DMA1_Channel5_IRQHandler
                0x08000e8c                USB_LP_IRQHandler
                0x08000e8c                EXTI4_IRQHandler
                0x08000e8c                RNG_IRQHandler
                0x08000e8c                TIM1_TRG_COM_TIM17_IRQHandler
                0x08000e8c                DMA1_Channel3_IRQHandler
                0x08000e8c                WWDG_IRQHandler
                0x08000e8c                LPUART1_IRQHandler
                0x08000e8c                DMA2_Channel6_IRQHandler
                0x08000e8c                FDCAN1_IT0_IRQHandler
                0x08000e8c                TIM2_IRQHandler
                0x08000e8c                COMP1_2_3_IRQHandler
                0x08000e8c                EXTI1_IRQHandler
                0x08000e8c                USART2_IRQHandler
                0x08000e8c                I2C2_ER_IRQHandler
                0x08000e8c                DMA1_Channel2_IRQHandler
                0x08000e8c                TIM8_BRK_IRQHandler
                0x08000e8c                FLASH_IRQHandler
                0x08000e8c                USART1_IRQHandler
                0x08000e8c                SPI3_IRQHandler
                0x08000e8c                I2C1_ER_IRQHandler
                0x08000e8c                LPTIM1_IRQHandler
                0x08000e8c                DMAMUX_OVR_IRQHandler
                0x08000e8c                USBWakeUp_IRQHandler
                0x08000e8c                SAI1_IRQHandler
                0x08000e8c                DMA2_Channel3_IRQHandler
                0x08000e8c                COMP4_IRQHandler
                0x08000e8c                TIM1_BRK_TIM15_IRQHandler
 .text.HAL_Init
                0x08000e8e       0x1e CMakeFiles/test_dwt.elf.dir/Drivers/STM32G4xx_HAL_Driver/Src/stm32g4xx_hal.c.obj
                0x08000e8e                HAL_Init
 .text.HAL_NVIC_SetPriorityGrouping
                0x08000eac       0x24 CMakeFiles/test_dwt.elf.dir/Drivers/STM32G4xx_HAL_Driver/Src/stm32g4xx_hal_cortex.c.obj
                0x08000eac                HAL_NVIC_SetPriorityGrouping
 .text.HAL_SYSTICK_Config
                0x08000ed0       0x28 CMakeFiles/test_dwt.elf.dir/Drivers/STM32G4xx_HAL_Driver/Src/stm32g4xx_hal_cortex.c.obj
                0x08000ed0                HAL_SYSTICK_Config
 .text.HAL_GPIO_Init
                0x08000ef8      0x1dc CMakeFiles/test_dwt.elf.dir/Drivers/STM32G4xx_HAL_Driver/Src/stm32g4xx_hal_gpio.c.obj
                0x08000ef8                HAL_GPIO_Init
 .text.HAL_GPIO_WritePin
                0x080010d4        0xa CMakeFiles/test_dwt.elf.dir/Drivers/STM32G4xx_HAL_Driver/Src/stm32g4xx_hal_gpio.c.obj
                0x080010d4                HAL_GPIO_WritePin
 .text.HAL_GPIO_TogglePin
                0x080010de       0x12 CMakeFiles/test_dwt.elf.dir/Drivers/STM32G4xx_HAL_Driver/Src/stm32g4xx_hal_gpio.c.obj
                0x080010de                HAL_GPIO_TogglePin
 .text.HAL_PWREx_ControlVoltageScaling
                0x080010f0      0x10c CMakeFiles/test_dwt.elf.dir/Drivers/STM32G4xx_HAL_Driver/Src/stm32g4xx_hal_pwr_ex.c.obj
                0x080010f0                HAL_PWREx_ControlVoltageScaling
 .text.HAL_PWREx_DisableUCPDDeadBattery
                0x080011fc       0x10 CMakeFiles/test_dwt.elf.dir/Drivers/STM32G4xx_HAL_Driver/Src/stm32g4xx_hal_pwr_ex.c.obj
                0x080011fc                HAL_PWREx_DisableUCPDDeadBattery
 .text.RCC_GetSysClockFreqFromPLLSource
                0x0800120c       0x58 CMakeFiles/test_dwt.elf.dir/Drivers/STM32G4xx_HAL_Driver/Src/stm32g4xx_hal_rcc.c.obj
 .text.HAL_RCC_OscConfig
                0x08001264      0x4e8 CMakeFiles/test_dwt.elf.dir/Drivers/STM32G4xx_HAL_Driver/Src/stm32g4xx_hal_rcc.c.obj
                0x08001264                HAL_RCC_OscConfig
 .text.HAL_RCC_GetSysClockFreq
                0x0800174c       0x88 CMakeFiles/test_dwt.elf.dir/Drivers/STM32G4xx_HAL_Driver/Src/stm32g4xx_hal_rcc.c.obj
                0x0800174c                HAL_RCC_GetSysClockFreq
 .text.HAL_RCC_ClockConfig
                0x080017d4      0x1f8 CMakeFiles/test_dwt.elf.dir/Drivers/STM32G4xx_HAL_Driver/Src/stm32g4xx_hal_rcc.c.obj
                0x080017d4                HAL_RCC_ClockConfig
 .text.HAL_RCC_GetHCLKFreq
                0x080019cc        0xc CMakeFiles/test_dwt.elf.dir/Drivers/STM32G4xx_HAL_Driver/Src/stm32g4xx_hal_rcc.c.obj
                0x080019cc                HAL_RCC_GetHCLKFreq
 .text.HAL_RCC_GetPCLK1Freq
                0x080019d8       0x24 CMakeFiles/test_dwt.elf.dir/Drivers/STM32G4xx_HAL_Driver/Src/stm32g4xx_hal_rcc.c.obj
                0x080019d8                HAL_RCC_GetPCLK1Freq
 .text.HAL_RCC_GetPCLK2Freq
                0x080019fc       0x24 CMakeFiles/test_dwt.elf.dir/Drivers/STM32G4xx_HAL_Driver/Src/stm32g4xx_hal_rcc.c.obj
                0x080019fc                HAL_RCC_GetPCLK2Freq
 .text.HAL_RCCEx_PeriphCLKConfig
                0x08001a20      0x2e4 CMakeFiles/test_dwt.elf.dir/Drivers/STM32G4xx_HAL_Driver/Src/stm32g4xx_hal_rcc_ex.c.obj
                0x08001a20                HAL_RCCEx_PeriphCLKConfig
 .text.UART_SetConfig
                0x08001d04      0x344 CMakeFiles/test_dwt.elf.dir/Drivers/STM32G4xx_HAL_Driver/Src/stm32g4xx_hal_uart.c.obj
                0x08001d04                UART_SetConfig
 .text.UART_AdvFeatureConfig
                0x08002048       0xca CMakeFiles/test_dwt.elf.dir/Drivers/STM32G4xx_HAL_Driver/Src/stm32g4xx_hal_uart.c.obj
                0x08002048                UART_AdvFeatureConfig
 .text.UART_WaitOnFlagUntilTimeout
                0x08002112       0xd8 CMakeFiles/test_dwt.elf.dir/Drivers/STM32G4xx_HAL_Driver/Src/stm32g4xx_hal_uart.c.obj
                0x08002112                UART_WaitOnFlagUntilTimeout
 .text.HAL_UART_Transmit
                0x080021ea       0xde CMakeFiles/test_dwt.elf.dir/Drivers/STM32G4xx_HAL_Driver/Src/stm32g4xx_hal_uart.c.obj
                0x080021ea                HAL_UART_Transmit
 .text.UART_CheckIdleState
                0x080022c8       0x74 CMakeFiles/test_dwt.elf.dir/Drivers/STM32G4xx_HAL_Driver/Src/stm32g4xx_hal_uart.c.obj
                0x080022c8                UART_CheckIdleState
 .text.HAL_UART_Init
                0x0800233c       0x66 CMakeFiles/test_dwt.elf.dir/Drivers/STM32G4xx_HAL_Driver/Src/stm32g4xx_hal_uart.c.obj
                0x0800233c                HAL_UART_Init
 *fill*         0x080023a2        0x2 
 .text.UARTEx_SetNbDataToProcess
                0x080023a4       0x4c CMakeFiles/test_dwt.elf.dir/Drivers/STM32G4xx_HAL_Driver/Src/stm32g4xx_hal_uart_ex.c.obj
 .text.HAL_UARTEx_DisableFifoMode
                0x080023f0       0x3e CMakeFiles/test_dwt.elf.dir/Drivers/STM32G4xx_HAL_Driver/Src/stm32g4xx_hal_uart_ex.c.obj
                0x080023f0                HAL_UARTEx_DisableFifoMode
 .text.HAL_UARTEx_SetTxFifoThreshold
                0x0800242e       0x4a CMakeFiles/test_dwt.elf.dir/Drivers/STM32G4xx_HAL_Driver/Src/stm32g4xx_hal_uart_ex.c.obj
                0x0800242e                HAL_UARTEx_SetTxFifoThreshold
 .text.HAL_UARTEx_SetRxFifoThreshold
                0x08002478       0x4a CMakeFiles/test_dwt.elf.dir/Drivers/STM32G4xx_HAL_Driver/Src/stm32g4xx_hal_uart_ex.c.obj
                0x08002478                HAL_UARTEx_SetRxFifoThreshold
 *fill*         0x080024c2        0x2 
 .text.HAL_InitTick
                0x080024c4       0x24 CMakeFiles/test_dwt.elf.dir/lib/core_delay.c.obj
                0x080024c4                HAL_InitTick
 .text.HAL_GetTick
                0x080024e8       0x28 CMakeFiles/test_dwt.elf.dir/lib/core_delay.c.obj
                0x080024e8                HAL_GetTick
 .text.uart_init
                0x08002510       0x34 CMakeFiles/test_dwt.elf.dir/rt-thread/bsp/board.c.obj
 .text.rt_hw_board_init
                0x08002544       0x30 CMakeFiles/test_dwt.elf.dir/rt-thread/bsp/board.c.obj
                0x08002544                rt_hw_board_init
 .text.SysTick_Handler
                0x08002574       0x10 CMakeFiles/test_dwt.elf.dir/rt-thread/bsp/board.c.obj
                0x08002574                SysTick_Handler
 .text.rt_hw_console_output
                0x08002584       0x48 CMakeFiles/test_dwt.elf.dir/rt-thread/bsp/board.c.obj
                0x08002584                rt_hw_console_output
 .text.rt_hw_console_getchar
                0x080025cc       0x34 CMakeFiles/test_dwt.elf.dir/rt-thread/bsp/board.c.obj
                0x080025cc                rt_hw_console_getchar
 .text.hello    0x08002600       0x10 CMakeFiles/test_dwt.elf.dir/rt-thread/components/finsh/cmd.c.obj
                0x08002600                hello
 .text.show_wait_queue
                0x08002610       0x30 CMakeFiles/test_dwt.elf.dir/rt-thread/components/finsh/cmd.c.obj
 .text.version  0x08002640        0xa CMakeFiles/test_dwt.elf.dir/rt-thread/components/finsh/cmd.c.obj
                0x08002640                version
 .text.list_get_next
                0x0800264a       0x66 CMakeFiles/test_dwt.elf.dir/rt-thread/components/finsh/cmd.c.obj
 .text.list_find_init
                0x080026b0       0x20 CMakeFiles/test_dwt.elf.dir/rt-thread/components/finsh/cmd.c.obj
 .text.list_thread
                0x080026d0      0x14c CMakeFiles/test_dwt.elf.dir/rt-thread/components/finsh/cmd.c.obj
                0x080026d0                list_thread
 .text.list_sem
                0x0800281c      0x100 CMakeFiles/test_dwt.elf.dir/rt-thread/components/finsh/cmd.c.obj
                0x0800281c                list_sem
 .text.list_mailbox
                0x0800291c      0x108 CMakeFiles/test_dwt.elf.dir/rt-thread/components/finsh/cmd.c.obj
                0x0800291c                list_mailbox
 .text.list_timer
                0x08002a24       0xd8 CMakeFiles/test_dwt.elf.dir/rt-thread/components/finsh/cmd.c.obj
                0x08002a24                list_timer
 .text.list     0x08002afc       0x4c CMakeFiles/test_dwt.elf.dir/rt-thread/components/finsh/cmd.c.obj
                0x08002afc                list
 .text.str_common
                0x08002b48       0x24 CMakeFiles/test_dwt.elf.dir/rt-thread/components/finsh/msh.c.obj
 .text.msh_split
                0x08002b6c       0xc0 CMakeFiles/test_dwt.elf.dir/rt-thread/components/finsh/msh.c.obj
 .text.msh_help
                0x08002c2c       0x58 CMakeFiles/test_dwt.elf.dir/rt-thread/components/finsh/msh.c.obj
                0x08002c2c                msh_help
 .text.msh_get_cmd
                0x08002c84       0x50 CMakeFiles/test_dwt.elf.dir/rt-thread/components/finsh/msh.c.obj
 .text.cmd_ps   0x08002cd4        0xa CMakeFiles/test_dwt.elf.dir/rt-thread/components/finsh/msh.c.obj
                0x08002cd4                cmd_ps
 .text._msh_exec_cmd
                0x08002cde       0x5e CMakeFiles/test_dwt.elf.dir/rt-thread/components/finsh/msh.c.obj
 .text.msh_is_used
                0x08002d3c        0x4 CMakeFiles/test_dwt.elf.dir/rt-thread/components/finsh/msh.c.obj
                0x08002d3c                msh_is_used
 .text.msh_exec
                0x08002d40       0x54 CMakeFiles/test_dwt.elf.dir/rt-thread/components/finsh/msh.c.obj
                0x08002d40                msh_exec
 .text.msh_auto_complete
                0x08002d94       0x9c CMakeFiles/test_dwt.elf.dir/rt-thread/components/finsh/msh.c.obj
                0x08002d94                msh_auto_complete
 .text.finsh_getchar
                0x08002e30        0x8 CMakeFiles/test_dwt.elf.dir/rt-thread/components/finsh/shell.c.obj
 .text.finsh_get_prompt
                0x08002e38       0x64 CMakeFiles/test_dwt.elf.dir/rt-thread/components/finsh/shell.c.obj
                0x08002e38                finsh_get_prompt
 .text.shell_auto_complete
                0x08002e9c       0x34 CMakeFiles/test_dwt.elf.dir/rt-thread/components/finsh/shell.c.obj
 .text.finsh_thread_entry
                0x08002ed0      0x2cc CMakeFiles/test_dwt.elf.dir/rt-thread/components/finsh/shell.c.obj
                0x08002ed0                finsh_thread_entry
 .text.finsh_set_prompt_mode
                0x0800319c       0x18 CMakeFiles/test_dwt.elf.dir/rt-thread/components/finsh/shell.c.obj
                0x0800319c                finsh_set_prompt_mode
 .text.finsh_system_function_init
                0x080031b4       0x14 CMakeFiles/test_dwt.elf.dir/rt-thread/components/finsh/shell.c.obj
                0x080031b4                finsh_system_function_init
 .text.finsh_system_var_init
                0x080031c8       0x14 CMakeFiles/test_dwt.elf.dir/rt-thread/components/finsh/shell.c.obj
                0x080031c8                finsh_system_var_init
 .text.finsh_system_init
                0x080031dc       0x88 CMakeFiles/test_dwt.elf.dir/rt-thread/components/finsh/shell.c.obj
                0x080031dc                finsh_system_init
 .text.bus_fault_track
                0x08003264       0xc4 CMakeFiles/test_dwt.elf.dir/rt-thread/libcpu/arm/cortex-m4/cpuport.c.obj
 .text.mem_manage_fault_track
                0x08003328       0xac CMakeFiles/test_dwt.elf.dir/rt-thread/libcpu/arm/cortex-m4/cpuport.c.obj
 .text.usage_fault_track
                0x080033d4       0xb0 CMakeFiles/test_dwt.elf.dir/rt-thread/libcpu/arm/cortex-m4/cpuport.c.obj
 .text.hard_fault_track
                0x08003484       0x74 CMakeFiles/test_dwt.elf.dir/rt-thread/libcpu/arm/cortex-m4/cpuport.c.obj
 .text.rt_hw_stack_init
                0x080034f8       0x4c CMakeFiles/test_dwt.elf.dir/rt-thread/libcpu/arm/cortex-m4/cpuport.c.obj
                0x080034f8                rt_hw_stack_init
 .text.rt_hw_hard_fault_exception
                0x08003544      0x11c CMakeFiles/test_dwt.elf.dir/rt-thread/libcpu/arm/cortex-m4/cpuport.c.obj
                0x08003544                rt_hw_hard_fault_exception
 .text.rt_tick_get
                0x08003660        0xc CMakeFiles/test_dwt.elf.dir/rt-thread/src/clock.c.obj
                0x08003660                rt_tick_get
 .text.rt_tick_increase
                0x0800366c       0x2c CMakeFiles/test_dwt.elf.dir/rt-thread/src/clock.c.obj
                0x0800366c                rt_tick_increase
 .text.rt_tick_from_millisecond
                0x08003698       0x3c CMakeFiles/test_dwt.elf.dir/rt-thread/src/clock.c.obj
                0x08003698                rt_tick_from_millisecond
 .text.rti_start
                0x080036d4        0x4 CMakeFiles/test_dwt.elf.dir/rt-thread/src/components.c.obj
 .text.rti_board_start
                0x080036d8        0x4 CMakeFiles/test_dwt.elf.dir/rt-thread/src/components.c.obj
 .text.rti_board_end
                0x080036dc        0x4 CMakeFiles/test_dwt.elf.dir/rt-thread/src/components.c.obj
 .text.rti_end  0x080036e0        0x4 CMakeFiles/test_dwt.elf.dir/rt-thread/src/components.c.obj
 .text.rt_components_init
                0x080036e4       0x1c CMakeFiles/test_dwt.elf.dir/rt-thread/src/components.c.obj
                0x080036e4                rt_components_init
 .text.main_thread_entry
                0x08003700        0xc CMakeFiles/test_dwt.elf.dir/rt-thread/src/components.c.obj
                0x08003700                main_thread_entry
 .text.rt_application_init
                0x0800370c       0x40 CMakeFiles/test_dwt.elf.dir/rt-thread/src/components.c.obj
                0x0800370c                rt_application_init
 .text.rtthread_startup
                0x0800374c       0x2a CMakeFiles/test_dwt.elf.dir/rt-thread/src/components.c.obj
                0x0800374c                rtthread_startup
 .text.entry    0x08003776        0xa CMakeFiles/test_dwt.elf.dir/rt-thread/src/components.c.obj
                0x08003776                entry
 .text.rt_thread_idle_entry
                0x08003780        0x2 CMakeFiles/test_dwt.elf.dir/rt-thread/src/idle.c.obj
 *fill*         0x08003782        0x2 
 .text.rt_thread_idle_init
                0x08003784       0x3c CMakeFiles/test_dwt.elf.dir/rt-thread/src/idle.c.obj
                0x08003784                rt_thread_idle_init
 .text.rt_sem_init
                0x080037c0       0x20 CMakeFiles/test_dwt.elf.dir/rt-thread/src/ipc.c.obj
                0x080037c0                rt_sem_init
 .text.rt_interrupt_enter
                0x080037e0       0x1c CMakeFiles/test_dwt.elf.dir/rt-thread/src/irq.c.obj
                0x080037e0                rt_interrupt_enter
 .text.rt_interrupt_leave
                0x080037fc       0x1c CMakeFiles/test_dwt.elf.dir/rt-thread/src/irq.c.obj
                0x080037fc                rt_interrupt_leave
 .text.skip_atoi
                0x08003818       0x24 CMakeFiles/test_dwt.elf.dir/rt-thread/src/kservice.c.obj
 .text.print_number
                0x0800383c      0x170 CMakeFiles/test_dwt.elf.dir/rt-thread/src/kservice.c.obj
 .text.rt_memset
                0x080039ac       0x62 CMakeFiles/test_dwt.elf.dir/rt-thread/src/kservice.c.obj
                0x080039ac                rt_memset
 .text.rt_memmove
                0x08003a0e       0x3e CMakeFiles/test_dwt.elf.dir/rt-thread/src/kservice.c.obj
                0x08003a0e                rt_memmove
 .text.rt_strncpy
                0x08003a4c       0x2c CMakeFiles/test_dwt.elf.dir/rt-thread/src/kservice.c.obj
                0x08003a4c                rt_strncpy
 .text.rt_strlen
                0x08003a78       0x10 CMakeFiles/test_dwt.elf.dir/rt-thread/src/kservice.c.obj
                0x08003a78                rt_strlen
 .text.rt_vsnprintf
                0x08003a88      0x2e0 CMakeFiles/test_dwt.elf.dir/rt-thread/src/kservice.c.obj
                0x08003a88                rt_vsnprintf
 .text.rt_kprintf
                0x08003d68       0x30 CMakeFiles/test_dwt.elf.dir/rt-thread/src/kservice.c.obj
                0x08003d68                rt_kprintf
 .text.rt_show_version
                0x08003d98       0x40 CMakeFiles/test_dwt.elf.dir/rt-thread/src/kservice.c.obj
                0x08003d98                rt_show_version
 .text.__rt_ffs
                0x08003dd8       0x44 CMakeFiles/test_dwt.elf.dir/rt-thread/src/kservice.c.obj
                0x08003dd8                __rt_ffs
 .text.rt_object_get_information
                0x08003e1c       0x24 CMakeFiles/test_dwt.elf.dir/rt-thread/src/object.c.obj
                0x08003e1c                rt_object_get_information
 .text.rt_object_init
                0x08003e40       0x52 CMakeFiles/test_dwt.elf.dir/rt-thread/src/object.c.obj
                0x08003e40                rt_object_init
 .text.rt_object_detach
                0x08003e92       0x24 CMakeFiles/test_dwt.elf.dir/rt-thread/src/object.c.obj
                0x08003e92                rt_object_detach
 .text.rt_object_is_systemobject
                0x08003eb6       0x10 CMakeFiles/test_dwt.elf.dir/rt-thread/src/object.c.obj
                0x08003eb6                rt_object_is_systemobject
 *fill*         0x08003ec6        0x2 
 .text.rt_system_scheduler_init
                0x08003ec8       0x4c CMakeFiles/test_dwt.elf.dir/rt-thread/src/scheduler.c.obj
                0x08003ec8                rt_system_scheduler_init
 .text.rt_system_scheduler_start
                0x08003f14       0x30 CMakeFiles/test_dwt.elf.dir/rt-thread/src/scheduler.c.obj
                0x08003f14                rt_system_scheduler_start
 .text.rt_schedule
                0x08003f44       0x74 CMakeFiles/test_dwt.elf.dir/rt-thread/src/scheduler.c.obj
                0x08003f44                rt_schedule
 .text.rt_schedule_insert_thread
                0x08003fb8       0x4c CMakeFiles/test_dwt.elf.dir/rt-thread/src/scheduler.c.obj
                0x08003fb8                rt_schedule_insert_thread
 .text.rt_schedule_remove_thread
                0x08004004       0x48 CMakeFiles/test_dwt.elf.dir/rt-thread/src/scheduler.c.obj
                0x08004004                rt_schedule_remove_thread
 .text.rt_enter_critical
                0x0800404c       0x18 CMakeFiles/test_dwt.elf.dir/rt-thread/src/scheduler.c.obj
                0x0800404c                rt_enter_critical
 .text.rt_exit_critical
                0x08004064       0x3c CMakeFiles/test_dwt.elf.dir/rt-thread/src/scheduler.c.obj
                0x08004064                rt_exit_critical
 .text._thread_cleanup_execute
                0x080040a0       0x1a CMakeFiles/test_dwt.elf.dir/rt-thread/src/thread.c.obj
 *fill*         0x080040ba        0x2 
 .text.rt_thread_exit
                0x080040bc       0x5c CMakeFiles/test_dwt.elf.dir/rt-thread/src/thread.c.obj
                0x080040bc                rt_thread_exit
 .text._rt_thread_init
                0x08004118       0x78 CMakeFiles/test_dwt.elf.dir/rt-thread/src/thread.c.obj
 .text.rt_thread_timeout
                0x08004190       0x2c CMakeFiles/test_dwt.elf.dir/rt-thread/src/thread.c.obj
                0x08004190                rt_thread_timeout
 .text.rt_thread_init
                0x080041bc       0x36 CMakeFiles/test_dwt.elf.dir/rt-thread/src/thread.c.obj
                0x080041bc                rt_thread_init
 *fill*         0x080041f2        0x2 
 .text.rt_thread_self
                0x080041f4        0xc CMakeFiles/test_dwt.elf.dir/rt-thread/src/thread.c.obj
                0x080041f4                rt_thread_self
 .text.rt_thread_yield
                0x08004200       0x5c CMakeFiles/test_dwt.elf.dir/rt-thread/src/thread.c.obj
                0x08004200                rt_thread_yield
 .text.rt_thread_suspend
                0x0800425c       0x44 CMakeFiles/test_dwt.elf.dir/rt-thread/src/thread.c.obj
                0x0800425c                rt_thread_suspend
 .text.rt_thread_sleep
                0x080042a0       0x4c CMakeFiles/test_dwt.elf.dir/rt-thread/src/thread.c.obj
                0x080042a0                rt_thread_sleep
 .text.rt_thread_delay
                0x080042ec        0x8 CMakeFiles/test_dwt.elf.dir/rt-thread/src/thread.c.obj
                0x080042ec                rt_thread_delay
 .text.rt_thread_mdelay
                0x080042f4        0xc CMakeFiles/test_dwt.elf.dir/rt-thread/src/thread.c.obj
                0x080042f4                rt_thread_mdelay
 .text.rt_thread_resume
                0x08004300       0x46 CMakeFiles/test_dwt.elf.dir/rt-thread/src/thread.c.obj
                0x08004300                rt_thread_resume
 .text.rt_thread_startup
                0x08004346       0x28 CMakeFiles/test_dwt.elf.dir/rt-thread/src/thread.c.obj
                0x08004346                rt_thread_startup
 .text._rt_timer_init
                0x0800436e       0x32 CMakeFiles/test_dwt.elf.dir/rt-thread/src/timer.c.obj
 .text._rt_timer_remove
                0x080043a0       0x32 CMakeFiles/test_dwt.elf.dir/rt-thread/src/timer.c.obj
 .text.rt_timer_init
                0x080043d2       0x28 CMakeFiles/test_dwt.elf.dir/rt-thread/src/timer.c.obj
                0x080043d2                rt_timer_init
 .text.rt_timer_detach
                0x080043fa       0x28 CMakeFiles/test_dwt.elf.dir/rt-thread/src/timer.c.obj
                0x080043fa                rt_timer_detach
 *fill*         0x08004422        0x2 
 .text.rt_timer_start
                0x08004424       0xa0 CMakeFiles/test_dwt.elf.dir/rt-thread/src/timer.c.obj
                0x08004424                rt_timer_start
 .text.rt_timer_stop
                0x080044c4       0x30 CMakeFiles/test_dwt.elf.dir/rt-thread/src/timer.c.obj
                0x080044c4                rt_timer_stop
 .text.rt_timer_control
                0x080044f4       0x54 CMakeFiles/test_dwt.elf.dir/rt-thread/src/timer.c.obj
                0x080044f4                rt_timer_control
 .text.rt_timer_check
                0x08004548       0xa8 CMakeFiles/test_dwt.elf.dir/rt-thread/src/timer.c.obj
                0x08004548                rt_timer_check
 .text.rt_system_timer_init
                0x080045f0       0x18 CMakeFiles/test_dwt.elf.dir/rt-thread/src/timer.c.obj
                0x080045f0                rt_system_timer_init
 .text.rt_system_timer_thread_init
                0x08004608        0x2 CMakeFiles/test_dwt.elf.dir/rt-thread/src/timer.c.obj
                0x08004608                rt_system_timer_thread_init
 *fill*         0x0800460a        0x2 
 .text.__udivmoddi4
                0x0800460c      0x2bc d:/arm-gun-toolchain/12.2 mpacbti-rel1/bin/../lib/gcc/arm-none-eabi/12.2.1/thumb/v7e-m/nofp\libgcc.a(_udivmoddi4.o)
                0x0800460c                __udivmoddi4
 .text.memset   0x080048c8       0xa4 d:/arm-gun-toolchain/12.2 mpacbti-rel1/bin/../lib/gcc/arm-none-eabi/12.2.1/thumb/v7e-m/nofp\libg.a(libc_a-memset.o)
                0x080048c8                memset
 .text.strncmp  0x0800496c       0x84 d:/arm-gun-toolchain/12.2 mpacbti-rel1/bin/../lib/gcc/arm-none-eabi/12.2.1/thumb/v7e-m/nofp\libg.a(libc_a-strncmp.o)
                0x0800496c                strncmp
 .text.__libc_init_array
                0x080049f0       0x50 d:/arm-gun-toolchain/12.2 mpacbti-rel1/bin/../lib/gcc/arm-none-eabi/12.2.1/thumb/v7e-m/nofp\libg.a(libc_a-init.o)
                0x080049f0                __libc_init_array
 .text.__retarget_lock_acquire_recursive
                0x08004a40        0x4 d:/arm-gun-toolchain/12.2 mpacbti-rel1/bin/../lib/gcc/arm-none-eabi/12.2.1/thumb/v7e-m/nofp\libg.a(libc_a-lock.o)
                0x08004a40                __retarget_lock_acquire_recursive
 .text.__retarget_lock_release_recursive
                0x08004a44        0x4 d:/arm-gun-toolchain/12.2 mpacbti-rel1/bin/../lib/gcc/arm-none-eabi/12.2.1/thumb/v7e-m/nofp\libg.a(libc_a-lock.o)
                0x08004a44                __retarget_lock_release_recursive
 .text.startup.register_fini
                0x08004a48       0x14 d:/arm-gun-toolchain/12.2 mpacbti-rel1/bin/../lib/gcc/arm-none-eabi/12.2.1/thumb/v7e-m/nofp\libg.a(libc_a-__call_atexit.o)
 .text.atexit   0x08004a5c        0xc d:/arm-gun-toolchain/12.2 mpacbti-rel1/bin/../lib/gcc/arm-none-eabi/12.2.1/thumb/v7e-m/nofp\libg.a(libc_a-atexit.o)
                0x08004a5c                atexit
 .text.__libc_fini_array
                0x08004a68       0x28 d:/arm-gun-toolchain/12.2 mpacbti-rel1/bin/../lib/gcc/arm-none-eabi/12.2.1/thumb/v7e-m/nofp\libg.a(libc_a-fini.o)
                0x08004a68                __libc_fini_array
 .text.__register_exitproc
                0x08004a90       0x80 d:/arm-gun-toolchain/12.2 mpacbti-rel1/bin/../lib/gcc/arm-none-eabi/12.2.1/thumb/v7e-m/nofp\libg.a(libc_a-__atexit.o)
                0x08004a90                __register_exitproc
 *(.glue_7)
 .glue_7        0x08004b10        0x0 linker stubs
 *(.glue_7t)
 .glue_7t       0x08004b10        0x0 linker stubs
 *(.eh_frame)
 .eh_frame      0x08004b10        0x0 d:/arm-gun-toolchain/12.2 mpacbti-rel1/bin/../lib/gcc/arm-none-eabi/12.2.1/thumb/v7e-m/nofp/crtbegin.o
 *(.init)
 .init          0x08004b10        0x4 d:/arm-gun-toolchain/12.2 mpacbti-rel1/bin/../lib/gcc/arm-none-eabi/12.2.1/thumb/v7e-m/nofp/crti.o
                0x08004b10                _init
 .init          0x08004b14        0x8 d:/arm-gun-toolchain/12.2 mpacbti-rel1/bin/../lib/gcc/arm-none-eabi/12.2.1/thumb/v7e-m/nofp/crtn.o
 *(.fini)
 .fini          0x08004b1c        0x4 d:/arm-gun-toolchain/12.2 mpacbti-rel1/bin/../lib/gcc/arm-none-eabi/12.2.1/thumb/v7e-m/nofp/crti.o
                0x08004b1c                _fini
 .fini          0x08004b20        0x8 d:/arm-gun-toolchain/12.2 mpacbti-rel1/bin/../lib/gcc/arm-none-eabi/12.2.1/thumb/v7e-m/nofp/crtn.o
                0x08004b28                        . = ALIGN (0x4)
                0x08004b28                        __fsymtab_start = .
 *(FSymTab)
 FSymTab        0x08004b28       0x90 CMakeFiles/test_dwt.elf.dir/rt-thread/components/finsh/cmd.c.obj
                0x08004b28                __fsym_list
                0x08004b34                __fsym___cmd_list_timer
                0x08004b40                __fsym_list_timer
                0x08004b4c                __fsym___cmd_list_mailbox
                0x08004b58                __fsym_list_mailbox
                0x08004b64                __fsym___cmd_list_sem
                0x08004b70                __fsym_list_sem
                0x08004b7c                __fsym___cmd_list_thread
                0x08004b88                __fsym_list_thread
                0x08004b94                __fsym___cmd_version
                0x08004ba0                __fsym_version
                0x08004bac                __fsym_hello
 FSymTab        0x08004bb8       0x18 CMakeFiles/test_dwt.elf.dir/rt-thread/components/finsh/msh.c.obj
                0x08004bb8                __fsym___cmd_ps
                0x08004bc4                __fsym___cmd_help
                0x08004bd0                        __fsymtab_end = .
                0x08004bd0                        . = ALIGN (0x4)
                0x08004bd0                        __vsymtab_start = .
 *(VSymTab)
                0x08004bd0                        __vsymtab_end = .
                0x08004bd0                        . = ALIGN (0x4)
                0x08004bd0                        . = ALIGN (0x4)
                0x08004bd0                        __rt_init_start = .
 *(SORT_BY_NAME(.rti_fn*))
 .rti_fn.0      0x08004bd0        0x4 CMakeFiles/test_dwt.elf.dir/rt-thread/src/components.c.obj
                0x08004bd0                __rt_init_rti_start
 .rti_fn.0.end  0x08004bd4        0x4 CMakeFiles/test_dwt.elf.dir/rt-thread/src/components.c.obj
                0x08004bd4                __rt_init_rti_board_start
 .rti_fn.1      0x08004bd8        0x4 CMakeFiles/test_dwt.elf.dir/rt-thread/bsp/board.c.obj
                0x08004bd8                __rt_init_uart_init
 .rti_fn.1.end  0x08004bdc        0x4 CMakeFiles/test_dwt.elf.dir/rt-thread/src/components.c.obj
                0x08004bdc                __rt_init_rti_board_end
 .rti_fn.6      0x08004be0        0x4 CMakeFiles/test_dwt.elf.dir/rt-thread/components/finsh/shell.c.obj
                0x08004be0                __rt_init_finsh_system_init
 .rti_fn.6.end  0x08004be4        0x4 CMakeFiles/test_dwt.elf.dir/rt-thread/src/components.c.obj
                0x08004be4                __rt_init_rti_end
                0x08004be8                        __rt_init_end = .
                0x08004be8                        . = ALIGN (0x4)
                0x08004be8                        . = ALIGN (0x4)
                0x08004be8                        _etext = .

.vfp11_veneer   0x08004be8        0x0
 .vfp11_veneer  0x08004be8        0x0 linker stubs

.v4_bx          0x08004be8        0x0
 .v4_bx         0x08004be8        0x0 linker stubs

.iplt           0x08004be8        0x0
 .iplt          0x08004be8        0x0 d:/arm-gun-toolchain/12.2 mpacbti-rel1/bin/../lib/gcc/arm-none-eabi/12.2.1/thumb/v7e-m/nofp/crtbegin.o

.rodata         0x08004be8      0xa50
                0x08004be8                        . = ALIGN (0x4)
 *(.rodata)
 *(.rodata*)
 .rodata.main.str1.4
                0x08004be8        0xd CMakeFiles/test_dwt.elf.dir/APPlication/application.c.obj
 *fill*         0x08004bf5        0x3 
 .rodata.APBPrescTable
                0x08004bf8        0x8 CMakeFiles/test_dwt.elf.dir/Core/Src/system_stm32g4xx.c.obj
                0x08004bf8                APBPrescTable
 .rodata.AHBPrescTable
                0x08004c00       0x10 CMakeFiles/test_dwt.elf.dir/Core/Src/system_stm32g4xx.c.obj
                0x08004c00                AHBPrescTable
 .rodata.UARTPrescTable
                0x08004c10       0x18 CMakeFiles/test_dwt.elf.dir/Drivers/STM32G4xx_HAL_Driver/Src/stm32g4xx_hal_uart.c.obj
                0x08004c10                UARTPrescTable
 .rodata.denominator.0
                0x08004c28        0x8 CMakeFiles/test_dwt.elf.dir/Drivers/STM32G4xx_HAL_Driver/Src/stm32g4xx_hal_uart_ex.c.obj
 .rodata.numerator.1
                0x08004c30        0x8 CMakeFiles/test_dwt.elf.dir/Drivers/STM32G4xx_HAL_Driver/Src/stm32g4xx_hal_uart_ex.c.obj
 .rodata.hello.str1.4
                0x08004c38       0x12 CMakeFiles/test_dwt.elf.dir/rt-thread/components/finsh/cmd.c.obj
 *fill*         0x08004c4a        0x2 
 .rodata.show_wait_queue.str1.4
                0x08004c4c        0x6 CMakeFiles/test_dwt.elf.dir/rt-thread/components/finsh/cmd.c.obj
 *fill*         0x08004c52        0x2 
 .rodata.list_thread.str1.4
                0x08004c54      0x100 CMakeFiles/test_dwt.elf.dir/rt-thread/components/finsh/cmd.c.obj
 .rodata.list_sem.str1.4
                0x08004d54       0x60 CMakeFiles/test_dwt.elf.dir/rt-thread/components/finsh/cmd.c.obj
                                 0x64 (size before relaxing)
 .rodata.list_mailbox.str1.4
                0x08004db4       0x76 CMakeFiles/test_dwt.elf.dir/rt-thread/components/finsh/cmd.c.obj
 *fill*         0x08004e2a        0x2 
 .rodata.list_timer.str1.4
                0x08004e2c       0x9d CMakeFiles/test_dwt.elf.dir/rt-thread/components/finsh/cmd.c.obj
 *fill*         0x08004ec9        0x3 
 .rodata.list.str1.4
                0x08004ecc       0x25 CMakeFiles/test_dwt.elf.dir/rt-thread/components/finsh/cmd.c.obj
 *fill*         0x08004ef1        0x3 
 .rodata.name   0x08004ef4      0x1ca CMakeFiles/test_dwt.elf.dir/rt-thread/components/finsh/cmd.c.obj
                0x08004ef4                __fsym_list_desc
                0x08004f10                __fsym_list_name
                0x08004f18                __fsym___cmd_list_timer_desc
                0x08004f30                __fsym___cmd_list_timer_name
                0x08004f44                __fsym_list_timer_desc
                0x08004f5c                __fsym_list_timer_name
                0x08004f68                __fsym___cmd_list_mailbox_desc
                0x08004f80                __fsym___cmd_list_mailbox_name
                0x08004f94                __fsym_list_mailbox_desc
                0x08004fac                __fsym_list_mailbox_name
                0x08004fbc                __fsym___cmd_list_sem_desc
                0x08004fd8                __fsym___cmd_list_sem_name
                0x08004fe8                __fsym_list_sem_desc
                0x08005004                __fsym_list_sem_name
                0x08005010                __fsym___cmd_list_thread_desc
                0x0800501c                __fsym___cmd_list_thread_name
                0x08005030                __fsym_list_thread_desc
                0x0800503c                __fsym_list_thread_name
                0x08005048                __fsym___cmd_version_desc
                0x0800506c                __fsym___cmd_version_name
                0x0800507c                __fsym_version_desc
                0x080050a0                __fsym_version_name
                0x080050a8                __fsym_hello_desc
                0x080050b8                __fsym_hello_name
 *fill*         0x080050be        0x2 
 .rodata.msh_split.str1.4
                0x080050c0       0x24 CMakeFiles/test_dwt.elf.dir/rt-thread/components/finsh/msh.c.obj
                                 0x26 (size before relaxing)
 .rodata.msh_help.str1.4
                0x080050e4       0x30 CMakeFiles/test_dwt.elf.dir/rt-thread/components/finsh/msh.c.obj
 .rodata.msh_exec.str1.4
                0x08005114       0x18 CMakeFiles/test_dwt.elf.dir/rt-thread/components/finsh/msh.c.obj
 .rodata.msh_auto_complete.str1.4
                0x0800512c       0x18 CMakeFiles/test_dwt.elf.dir/rt-thread/components/finsh/msh.c.obj
                                  0x4 (size before relaxing)
 .rodata.name   0x0800512c       0x4b CMakeFiles/test_dwt.elf.dir/rt-thread/components/finsh/msh.c.obj
                0x0800512c                __fsym___cmd_ps_desc
                0x08005148                __fsym___cmd_ps_name
                0x08005154                __fsym___cmd_help_desc
                0x0800516c                __fsym___cmd_help_name
 *fill*         0x08005177        0x1 
 .rodata.finsh_get_prompt.str1.4
                0x08005178       0x12 CMakeFiles/test_dwt.elf.dir/rt-thread/components/finsh/shell.c.obj
 *fill*         0x0800518a        0x2 
 .rodata.shell_auto_complete.str1.4
                0x0800518c        0x5 CMakeFiles/test_dwt.elf.dir/rt-thread/components/finsh/shell.c.obj
                                  0x9 (size before relaxing)
 *fill*         0x08005191        0x3 
 .rodata.finsh_thread_entry.str1.4
                0x08005194       0x14 CMakeFiles/test_dwt.elf.dir/rt-thread/components/finsh/shell.c.obj
                                 0x17 (size before relaxing)
 .rodata.finsh_system_init.str1.4
                0x080051a8        0xd CMakeFiles/test_dwt.elf.dir/rt-thread/components/finsh/shell.c.obj
 *fill*         0x080051b5        0x3 
 .rodata.bus_fault_track.str1.4
                0x080051b8       0x70 CMakeFiles/test_dwt.elf.dir/rt-thread/libcpu/arm/cortex-m4/cpuport.c.obj
                                 0x72 (size before relaxing)
 .rodata.mem_manage_fault_track.str1.4
                0x08005228       0x6c CMakeFiles/test_dwt.elf.dir/rt-thread/libcpu/arm/cortex-m4/cpuport.c.obj
 .rodata.usage_fault_track.str1.4
                0x08005294       0x67 CMakeFiles/test_dwt.elf.dir/rt-thread/libcpu/arm/cortex-m4/cpuport.c.obj
 *fill*         0x080052fb        0x1 
 .rodata.hard_fault_track.str1.4
                0x080052fc       0x25 CMakeFiles/test_dwt.elf.dir/rt-thread/libcpu/arm/cortex-m4/cpuport.c.obj
 *fill*         0x08005321        0x3 
 .rodata.rt_hw_hard_fault_exception.str1.4
                0x08005324      0x14a CMakeFiles/test_dwt.elf.dir/rt-thread/libcpu/arm/cortex-m4/cpuport.c.obj
 *fill*         0x0800546e        0x2 
 .rodata.rt_application_init.str1.4
                0x08005470        0x5 CMakeFiles/test_dwt.elf.dir/rt-thread/src/components.c.obj
 *fill*         0x08005475        0x3 
 .rodata.rt_thread_idle_init.str1.4
                0x08005478        0x6 CMakeFiles/test_dwt.elf.dir/rt-thread/src/idle.c.obj
 *fill*         0x0800547e        0x2 
 .rodata.rt_vsnprintf.str1.4
                0x08005480        0x7 CMakeFiles/test_dwt.elf.dir/rt-thread/src/kservice.c.obj
 *fill*         0x08005487        0x1 
 .rodata.rt_show_version.str1.4
                0x08005488       0x86 CMakeFiles/test_dwt.elf.dir/rt-thread/src/kservice.c.obj
 *fill*         0x0800550e        0x2 
 .rodata.small_digits.1
                0x08005510       0x11 CMakeFiles/test_dwt.elf.dir/rt-thread/src/kservice.c.obj
 *fill*         0x08005521        0x3 
 .rodata.large_digits.2
                0x08005524       0x11 CMakeFiles/test_dwt.elf.dir/rt-thread/src/kservice.c.obj
 *fill*         0x08005535        0x3 
 .rodata.__lowest_bit_bitmap
                0x08005538      0x100 CMakeFiles/test_dwt.elf.dir/rt-thread/src/kservice.c.obj
                0x08005538                __lowest_bit_bitmap
                0x08005638                        . = ALIGN (0x4)

.ARM.extab      0x08005638        0x0
                0x08005638                        . = ALIGN (0x4)
 *(.ARM.extab* .gnu.linkonce.armextab.*)
                0x08005638                        . = ALIGN (0x4)

.ARM            0x08005638        0x8
                0x08005638                        . = ALIGN (0x4)
                0x08005638                        __exidx_start = .
 *(.ARM.exidx*)
 .ARM.exidx     0x08005638        0x8 d:/arm-gun-toolchain/12.2 mpacbti-rel1/bin/../lib/gcc/arm-none-eabi/12.2.1/thumb/v7e-m/nofp\libg.a(libc_a-memcpy.o)
 .ARM.exidx     0x08005640        0x0 d:/arm-gun-toolchain/12.2 mpacbti-rel1/bin/../lib/gcc/arm-none-eabi/12.2.1/thumb/v7e-m/nofp\libg.a(libc_a-strlen.o)
                                  0x8 (size before relaxing)
 .ARM.exidx.text.__udivmoddi4
                0x08005640        0x0 d:/arm-gun-toolchain/12.2 mpacbti-rel1/bin/../lib/gcc/arm-none-eabi/12.2.1/thumb/v7e-m/nofp\libgcc.a(_udivmoddi4.o)
                                  0x8 (size before relaxing)
                0x08005640                        __exidx_end = .
                0x08005640                        . = ALIGN (0x4)

.rel.dyn        0x08005640        0x0
 .rel.iplt      0x08005640        0x0 d:/arm-gun-toolchain/12.2 mpacbti-rel1/bin/../lib/gcc/arm-none-eabi/12.2.1/thumb/v7e-m/nofp/crtbegin.o

.preinit_array  0x08005640        0x0
                0x08005640                        . = ALIGN (0x4)
                0x08005640                        PROVIDE (__preinit_array_start = .)
 *(.preinit_array*)
                0x08005640                        PROVIDE (__preinit_array_end = .)
                0x08005640                        . = ALIGN (0x4)

.init_array     0x08005640        0x8
                0x08005640                        . = ALIGN (0x4)
                0x08005640                        PROVIDE (__init_array_start = .)
 *(SORT_BY_NAME(.init_array.*))
 .init_array.00000
                0x08005640        0x4 d:/arm-gun-toolchain/12.2 mpacbti-rel1/bin/../lib/gcc/arm-none-eabi/12.2.1/thumb/v7e-m/nofp\libg.a(libc_a-__call_atexit.o)
 *(.init_array*)
 .init_array    0x08005644        0x4 d:/arm-gun-toolchain/12.2 mpacbti-rel1/bin/../lib/gcc/arm-none-eabi/12.2.1/thumb/v7e-m/nofp/crtbegin.o
                0x08005648                        PROVIDE (__init_array_end = .)
                0x08005648                        . = ALIGN (0x4)

.fini_array     0x08005648        0x4
                0x08005648                        . = ALIGN (0x4)
                0x08005648                        PROVIDE (__fini_array_start = .)
 *(SORT_BY_NAME(.fini_array.*))
 *(.fini_array*)
 .fini_array    0x08005648        0x4 d:/arm-gun-toolchain/12.2 mpacbti-rel1/bin/../lib/gcc/arm-none-eabi/12.2.1/thumb/v7e-m/nofp/crtbegin.o
                0x0800564c                        PROVIDE (__fini_array_end = .)
                0x0800564c                        . = ALIGN (0x4)
                0x0800564c                        _sidata = LOADADDR (.data)

.data           0x20000000       0x4c load address 0x0800564c
                0x20000000                        . = ALIGN (0x4)
                0x20000000                        _sdata = .
 *(.data)
 *(.data*)
 .data.SystemCoreClock
                0x20000000        0x4 CMakeFiles/test_dwt.elf.dir/Core/Src/system_stm32g4xx.c.obj
                0x20000000                SystemCoreClock
 .data.uwTickPrio
                0x20000004        0x4 CMakeFiles/test_dwt.elf.dir/Drivers/STM32G4xx_HAL_Driver/Src/stm32g4xx_hal.c.obj
                0x20000004                uwTickPrio
 .data.rt_object_container
                0x20000008       0x40 CMakeFiles/test_dwt.elf.dir/rt-thread/src/object.c.obj
 .data.__atexit_recursive_mutex
                0x20000048        0x4 d:/arm-gun-toolchain/12.2 mpacbti-rel1/bin/../lib/gcc/arm-none-eabi/12.2.1/thumb/v7e-m/nofp\libg.a(libc_a-__call_atexit.o)
                0x20000048                __atexit_recursive_mutex
 *(.RamFunc)
 *(.RamFunc*)
                0x2000004c                        . = ALIGN (0x4)
                0x2000004c                        _edata = .

.tm_clone_table
                0x2000004c        0x0 load address 0x08005698
 .tm_clone_table
                0x2000004c        0x0 d:/arm-gun-toolchain/12.2 mpacbti-rel1/bin/../lib/gcc/arm-none-eabi/12.2.1/thumb/v7e-m/nofp/crtbegin.o
 .tm_clone_table
                0x2000004c        0x0 d:/arm-gun-toolchain/12.2 mpacbti-rel1/bin/../lib/gcc/arm-none-eabi/12.2.1/thumb/v7e-m/nofp/crtend.o

.igot.plt       0x2000004c        0x0 load address 0x08005698
 .igot.plt      0x2000004c        0x0 d:/arm-gun-toolchain/12.2 mpacbti-rel1/bin/../lib/gcc/arm-none-eabi/12.2.1/thumb/v7e-m/nofp/crtbegin.o
                0x2000004c                        . = ALIGN (0x4)

.bss            0x20000050      0xf80 load address 0x08005698
                0x20000050                        _sbss = .
                0x20000050                        __bss_start__ = _sbss
 *(.bss)
 *(.bss*)
 .bss.completed.1
                0x20000050        0x1 d:/arm-gun-toolchain/12.2 mpacbti-rel1/bin/../lib/gcc/arm-none-eabi/12.2.1/thumb/v7e-m/nofp/crtbegin.o
 *fill*         0x20000051        0x3 
 .bss.object.0  0x20000054       0x18 d:/arm-gun-toolchain/12.2 mpacbti-rel1/bin/../lib/gcc/arm-none-eabi/12.2.1/thumb/v7e-m/nofp/crtbegin.o
 .bss.rt_led1_thread_stack
                0x2000006c       0x80 CMakeFiles/test_dwt.elf.dir/APPlication/application.c.obj
 .bss.led1_thread
                0x200000ec       0x78 CMakeFiles/test_dwt.elf.dir/APPlication/application.c.obj
 .bss.huart1    0x20000164       0x90 CMakeFiles/test_dwt.elf.dir/Core/Src/usart.c.obj
                0x20000164                huart1
 .bss.UartHandle
                0x200001f4       0x90 CMakeFiles/test_dwt.elf.dir/rt-thread/bsp/board.c.obj
                0x200001f4                UartHandle
 .bss.finsh_prompt.0
                0x20000284      0x201 CMakeFiles/test_dwt.elf.dir/rt-thread/components/finsh/shell.c.obj
 *fill*         0x20000485        0x3 
 .bss.shell     0x20000488        0x4 CMakeFiles/test_dwt.elf.dir/rt-thread/components/finsh/shell.c.obj
                0x20000488                shell
 .bss._sysvar_table_end
                0x2000048c        0x4 CMakeFiles/test_dwt.elf.dir/rt-thread/components/finsh/shell.c.obj
                0x2000048c                _sysvar_table_end
 .bss._sysvar_table_begin
                0x20000490        0x4 CMakeFiles/test_dwt.elf.dir/rt-thread/components/finsh/shell.c.obj
                0x20000490                _sysvar_table_begin
 .bss._syscall_table_end
                0x20000494        0x4 CMakeFiles/test_dwt.elf.dir/rt-thread/components/finsh/shell.c.obj
                0x20000494                _syscall_table_end
 .bss._syscall_table_begin
                0x20000498        0x4 CMakeFiles/test_dwt.elf.dir/rt-thread/components/finsh/shell.c.obj
                0x20000498                _syscall_table_begin
 .bss._shell    0x2000049c       0x78 CMakeFiles/test_dwt.elf.dir/rt-thread/components/finsh/shell.c.obj
                0x2000049c                _shell
 .bss.finsh_thread_stack
                0x20000514      0x200 CMakeFiles/test_dwt.elf.dir/rt-thread/components/finsh/shell.c.obj
 .bss.finsh_thread
                0x20000714       0x78 CMakeFiles/test_dwt.elf.dir/rt-thread/components/finsh/shell.c.obj
 .bss.rt_exception_hook
                0x2000078c        0x4 CMakeFiles/test_dwt.elf.dir/rt-thread/libcpu/arm/cortex-m4/cpuport.c.obj
 .bss.rt_thread_switch_interrupt_flag
                0x20000790        0x4 CMakeFiles/test_dwt.elf.dir/rt-thread/libcpu/arm/cortex-m4/cpuport.c.obj
                0x20000790                rt_thread_switch_interrupt_flag
 .bss.rt_interrupt_to_thread
                0x20000794        0x4 CMakeFiles/test_dwt.elf.dir/rt-thread/libcpu/arm/cortex-m4/cpuport.c.obj
                0x20000794                rt_interrupt_to_thread
 .bss.rt_interrupt_from_thread
                0x20000798        0x4 CMakeFiles/test_dwt.elf.dir/rt-thread/libcpu/arm/cortex-m4/cpuport.c.obj
                0x20000798                rt_interrupt_from_thread
 .bss.rt_tick   0x2000079c        0x4 CMakeFiles/test_dwt.elf.dir/rt-thread/src/clock.c.obj
 .bss.main_thread
                0x200007a0       0x78 CMakeFiles/test_dwt.elf.dir/rt-thread/src/components.c.obj
                0x200007a0                main_thread
 .bss.main_stack
                0x20000818      0x200 CMakeFiles/test_dwt.elf.dir/rt-thread/src/components.c.obj
 .bss.rt_thread_stack
                0x20000a18       0x80 CMakeFiles/test_dwt.elf.dir/rt-thread/src/idle.c.obj
 .bss.idle      0x20000a98       0x78 CMakeFiles/test_dwt.elf.dir/rt-thread/src/idle.c.obj
 .bss.rt_interrupt_nest
                0x20000b10        0x1 CMakeFiles/test_dwt.elf.dir/rt-thread/src/irq.c.obj
                0x20000b10                rt_interrupt_nest
 *fill*         0x20000b11        0x3 
 .bss.rt_log_buf.0
                0x20000b14      0x200 CMakeFiles/test_dwt.elf.dir/rt-thread/src/kservice.c.obj
 .bss.rt_thread_defunct
                0x20000d14        0x8 CMakeFiles/test_dwt.elf.dir/rt-thread/src/scheduler.c.obj
                0x20000d14                rt_thread_defunct
 .bss.rt_current_priority
                0x20000d1c        0x1 CMakeFiles/test_dwt.elf.dir/rt-thread/src/scheduler.c.obj
                0x20000d1c                rt_current_priority
 *fill*         0x20000d1d        0x3 
 .bss.rt_current_thread
                0x20000d20        0x4 CMakeFiles/test_dwt.elf.dir/rt-thread/src/scheduler.c.obj
                0x20000d20                rt_current_thread
 .bss.rt_scheduler_lock_nest
                0x20000d24        0x2 CMakeFiles/test_dwt.elf.dir/rt-thread/src/scheduler.c.obj
 *fill*         0x20000d26        0x2 
 .bss.rt_thread_ready_priority_group
                0x20000d28        0x4 CMakeFiles/test_dwt.elf.dir/rt-thread/src/scheduler.c.obj
                0x20000d28                rt_thread_ready_priority_group
 .bss.rt_thread_priority_table
                0x20000d2c      0x100 CMakeFiles/test_dwt.elf.dir/rt-thread/src/scheduler.c.obj
                0x20000d2c                rt_thread_priority_table
 .bss.random_nr.0
                0x20000e2c        0x4 CMakeFiles/test_dwt.elf.dir/rt-thread/src/timer.c.obj
 .bss.rt_timer_list
                0x20000e30        0x8 CMakeFiles/test_dwt.elf.dir/rt-thread/src/timer.c.obj
 .bss.__lock___atexit_recursive_mutex
                0x20000e38        0x1 d:/arm-gun-toolchain/12.2 mpacbti-rel1/bin/../lib/gcc/arm-none-eabi/12.2.1/thumb/v7e-m/nofp\libg.a(libc_a-lock.o)
                0x20000e38                __lock___atexit_recursive_mutex
 *fill*         0x20000e39        0x3 
 .bss.__atexit  0x20000e3c        0x4 d:/arm-gun-toolchain/12.2 mpacbti-rel1/bin/../lib/gcc/arm-none-eabi/12.2.1/thumb/v7e-m/nofp\libg.a(libc_a-__call_atexit.o)
                0x20000e3c                __atexit
 .bss.__atexit0
                0x20000e40      0x190 d:/arm-gun-toolchain/12.2 mpacbti-rel1/bin/../lib/gcc/arm-none-eabi/12.2.1/thumb/v7e-m/nofp\libg.a(libc_a-__atexit.o)
                0x20000e40                __atexit0
 *(COMMON)
                0x20000fd0                        . = ALIGN (0x4)
                0x20000fd0                        _ebss = .
                0x20000fd0                        __bss_end__ = _ebss

._user_heap_stack
                0x20000fd0      0x600 load address 0x08005698
                0x20000fd0                        . = ALIGN (0x8)
                [!provide]                        PROVIDE (end = .)
                0x20000fd0                        PROVIDE (_end = .)
                0x200011d0                        . = (. + _Min_Heap_Size)
 *fill*         0x20000fd0      0x200 
                0x200015d0                        . = (. + _Min_Stack_Size)
 *fill*         0x200011d0      0x400 
                0x200015d0                        . = ALIGN (0x8)

/DISCARD/
 libc.a(*)
 libm.a(*)
 libgcc.a(*)

.ARM.attributes
                0x00000000       0x2a
 *(.ARM.attributes)
 .ARM.attributes
                0x00000000       0x1e d:/arm-gun-toolchain/12.2 mpacbti-rel1/bin/../lib/gcc/arm-none-eabi/12.2.1/thumb/v7e-m/nofp/crti.o
 .ARM.attributes
                0x0000001e       0x2e d:/arm-gun-toolchain/12.2 mpacbti-rel1/bin/../lib/gcc/arm-none-eabi/12.2.1/thumb/v7e-m/nofp/crtbegin.o
 .ARM.attributes
                0x0000004c       0x2e CMakeFiles/test_dwt.elf.dir/APPlication/application.c.obj
 .ARM.attributes
                0x0000007a       0x2e CMakeFiles/test_dwt.elf.dir/Core/Src/gpio.c.obj
 .ARM.attributes
                0x000000a8       0x2e CMakeFiles/test_dwt.elf.dir/Core/Src/main.c.obj
 .ARM.attributes
                0x000000d6       0x2e CMakeFiles/test_dwt.elf.dir/Core/Src/stm32g4xx_hal_msp.c.obj
 .ARM.attributes
                0x00000104       0x2e CMakeFiles/test_dwt.elf.dir/Core/Src/stm32g4xx_it.c.obj
 .ARM.attributes
                0x00000132       0x2e CMakeFiles/test_dwt.elf.dir/Core/Src/system_stm32g4xx.c.obj
 .ARM.attributes
                0x00000160       0x2e CMakeFiles/test_dwt.elf.dir/Core/Src/usart.c.obj
 .ARM.attributes
                0x0000018e       0x21 CMakeFiles/test_dwt.elf.dir/Core/Startup/startup_stm32g431rbtx.s.obj
 .ARM.attributes
                0x000001af       0x2e CMakeFiles/test_dwt.elf.dir/Drivers/STM32G4xx_HAL_Driver/Src/stm32g4xx_hal.c.obj
 .ARM.attributes
                0x000001dd       0x2e CMakeFiles/test_dwt.elf.dir/Drivers/STM32G4xx_HAL_Driver/Src/stm32g4xx_hal_cortex.c.obj
 .ARM.attributes
                0x0000020b       0x2e CMakeFiles/test_dwt.elf.dir/Drivers/STM32G4xx_HAL_Driver/Src/stm32g4xx_hal_gpio.c.obj
 .ARM.attributes
                0x00000239       0x2e CMakeFiles/test_dwt.elf.dir/Drivers/STM32G4xx_HAL_Driver/Src/stm32g4xx_hal_pwr_ex.c.obj
 .ARM.attributes
                0x00000267       0x2e CMakeFiles/test_dwt.elf.dir/Drivers/STM32G4xx_HAL_Driver/Src/stm32g4xx_hal_rcc.c.obj
 .ARM.attributes
                0x00000295       0x2e CMakeFiles/test_dwt.elf.dir/Drivers/STM32G4xx_HAL_Driver/Src/stm32g4xx_hal_rcc_ex.c.obj
 .ARM.attributes
                0x000002c3       0x2e CMakeFiles/test_dwt.elf.dir/Drivers/STM32G4xx_HAL_Driver/Src/stm32g4xx_hal_uart.c.obj
 .ARM.attributes
                0x000002f1       0x2e CMakeFiles/test_dwt.elf.dir/Drivers/STM32G4xx_HAL_Driver/Src/stm32g4xx_hal_uart_ex.c.obj
 .ARM.attributes
                0x0000031f       0x2e CMakeFiles/test_dwt.elf.dir/lib/core_delay.c.obj
 .ARM.attributes
                0x0000034d       0x2e CMakeFiles/test_dwt.elf.dir/rt-thread/bsp/board.c.obj
 .ARM.attributes
                0x0000037b       0x2e CMakeFiles/test_dwt.elf.dir/rt-thread/components/finsh/cmd.c.obj
 .ARM.attributes
                0x000003a9       0x2e CMakeFiles/test_dwt.elf.dir/rt-thread/components/finsh/msh.c.obj
 .ARM.attributes
                0x000003d7       0x2e CMakeFiles/test_dwt.elf.dir/rt-thread/components/finsh/shell.c.obj
 .ARM.attributes
                0x00000405       0x21 CMakeFiles/test_dwt.elf.dir/rt-thread/libcpu/arm/cortex-m4/context_gcc.S.obj
 .ARM.attributes
                0x00000426       0x2e CMakeFiles/test_dwt.elf.dir/rt-thread/libcpu/arm/cortex-m4/cpuport.c.obj
 .ARM.attributes
                0x00000454       0x2e CMakeFiles/test_dwt.elf.dir/rt-thread/src/clock.c.obj
 .ARM.attributes
                0x00000482       0x2e CMakeFiles/test_dwt.elf.dir/rt-thread/src/components.c.obj
 .ARM.attributes
                0x000004b0       0x2e CMakeFiles/test_dwt.elf.dir/rt-thread/src/idle.c.obj
 .ARM.attributes
                0x000004de       0x2e CMakeFiles/test_dwt.elf.dir/rt-thread/src/ipc.c.obj
 .ARM.attributes
                0x0000050c       0x2e CMakeFiles/test_dwt.elf.dir/rt-thread/src/irq.c.obj
 .ARM.attributes
                0x0000053a       0x2e CMakeFiles/test_dwt.elf.dir/rt-thread/src/kservice.c.obj
 .ARM.attributes
                0x00000568       0x2e CMakeFiles/test_dwt.elf.dir/rt-thread/src/object.c.obj
 .ARM.attributes
                0x00000596       0x2e CMakeFiles/test_dwt.elf.dir/rt-thread/src/scheduler.c.obj
 .ARM.attributes
                0x000005c4       0x2e CMakeFiles/test_dwt.elf.dir/rt-thread/src/thread.c.obj
 .ARM.attributes
                0x000005f2       0x2e CMakeFiles/test_dwt.elf.dir/rt-thread/src/timer.c.obj
 .ARM.attributes
                0x00000620       0x1e d:/arm-gun-toolchain/12.2 mpacbti-rel1/bin/../lib/gcc/arm-none-eabi/12.2.1/thumb/v7e-m/nofp\libgcc.a(_arm_addsubsf3.o)
 .ARM.attributes
                0x0000063e       0x1e d:/arm-gun-toolchain/12.2 mpacbti-rel1/bin/../lib/gcc/arm-none-eabi/12.2.1/thumb/v7e-m/nofp\libgcc.a(_arm_muldivsf3.o)
 .ARM.attributes
                0x0000065c       0x1e d:/arm-gun-toolchain/12.2 mpacbti-rel1/bin/../lib/gcc/arm-none-eabi/12.2.1/thumb/v7e-m/nofp\libgcc.a(_arm_fixunssfsi.o)
 .ARM.attributes
                0x0000067a       0x1e d:/arm-gun-toolchain/12.2 mpacbti-rel1/bin/../lib/gcc/arm-none-eabi/12.2.1/thumb/v7e-m/nofp\libgcc.a(_aeabi_uldivmod.o)
 .ARM.attributes
                0x00000698       0x2e d:/arm-gun-toolchain/12.2 mpacbti-rel1/bin/../lib/gcc/arm-none-eabi/12.2.1/thumb/v7e-m/nofp\libgcc.a(_udivmoddi4.o)
 .ARM.attributes
                0x000006c6       0x1e d:/arm-gun-toolchain/12.2 mpacbti-rel1/bin/../lib/gcc/arm-none-eabi/12.2.1/thumb/v7e-m/nofp\libgcc.a(_dvmd_tls.o)
 .ARM.attributes
                0x000006e4       0x2e d:/arm-gun-toolchain/12.2 mpacbti-rel1/bin/../lib/gcc/arm-none-eabi/12.2.1/thumb/v7e-m/nofp\libg.a(libc_a-memset.o)
 .ARM.attributes
                0x00000712       0x2e d:/arm-gun-toolchain/12.2 mpacbti-rel1/bin/../lib/gcc/arm-none-eabi/12.2.1/thumb/v7e-m/nofp\libg.a(libc_a-strncmp.o)
 .ARM.attributes
                0x00000740       0x2e d:/arm-gun-toolchain/12.2 mpacbti-rel1/bin/../lib/gcc/arm-none-eabi/12.2.1/thumb/v7e-m/nofp\libg.a(libc_a-init.o)
 .ARM.attributes
                0x0000076e       0x2e d:/arm-gun-toolchain/12.2 mpacbti-rel1/bin/../lib/gcc/arm-none-eabi/12.2.1/thumb/v7e-m/nofp\libg.a(libc_a-lock.o)
 .ARM.attributes
                0x0000079c       0x1c d:/arm-gun-toolchain/12.2 mpacbti-rel1/bin/../lib/gcc/arm-none-eabi/12.2.1/thumb/v7e-m/nofp\libg.a(libc_a-memcpy.o)
 .ARM.attributes
                0x000007b8       0x1c d:/arm-gun-toolchain/12.2 mpacbti-rel1/bin/../lib/gcc/arm-none-eabi/12.2.1/thumb/v7e-m/nofp\libg.a(libc_a-strlen.o)
 .ARM.attributes
                0x000007d4       0x2e d:/arm-gun-toolchain/12.2 mpacbti-rel1/bin/../lib/gcc/arm-none-eabi/12.2.1/thumb/v7e-m/nofp\libg.a(libc_a-__call_atexit.o)
 .ARM.attributes
                0x00000802       0x2e d:/arm-gun-toolchain/12.2 mpacbti-rel1/bin/../lib/gcc/arm-none-eabi/12.2.1/thumb/v7e-m/nofp\libg.a(libc_a-atexit.o)
 .ARM.attributes
                0x00000830       0x2e d:/arm-gun-toolchain/12.2 mpacbti-rel1/bin/../lib/gcc/arm-none-eabi/12.2.1/thumb/v7e-m/nofp\libg.a(libc_a-fini.o)
 .ARM.attributes
                0x0000085e       0x2e d:/arm-gun-toolchain/12.2 mpacbti-rel1/bin/../lib/gcc/arm-none-eabi/12.2.1/thumb/v7e-m/nofp\libg.a(libc_a-__atexit.o)
 .ARM.attributes
                0x0000088c       0x2e d:/arm-gun-toolchain/12.2 mpacbti-rel1/bin/../lib/gcc/arm-none-eabi/12.2.1/thumb/v7e-m/nofp/crtend.o
 .ARM.attributes
                0x000008ba       0x1e d:/arm-gun-toolchain/12.2 mpacbti-rel1/bin/../lib/gcc/arm-none-eabi/12.2.1/thumb/v7e-m/nofp/crtn.o
OUTPUT(test_dwt.elf elf32-littlearm)
LOAD linker stubs
LOAD d:/arm-gun-toolchain/12.2 mpacbti-rel1/bin/../lib/gcc/arm-none-eabi/12.2.1/thumb/v7e-m/nofp\libc.a
LOAD d:/arm-gun-toolchain/12.2 mpacbti-rel1/bin/../lib/gcc/arm-none-eabi/12.2.1/thumb/v7e-m/nofp\libm.a
LOAD d:/arm-gun-toolchain/12.2 mpacbti-rel1/bin/../lib/gcc/arm-none-eabi/12.2.1/thumb/v7e-m/nofp\libgcc.a

.debug_info     0x00000000    0x185dc
 .debug_info    0x00000000      0x5b6 CMakeFiles/test_dwt.elf.dir/APPlication/application.c.obj
 .debug_info    0x000005b6      0x50e CMakeFiles/test_dwt.elf.dir/Core/Src/gpio.c.obj
 .debug_info    0x00000ac4      0xb6c CMakeFiles/test_dwt.elf.dir/Core/Src/main.c.obj
 .debug_info    0x00001630      0x2e3 CMakeFiles/test_dwt.elf.dir/Core/Src/stm32g4xx_hal_msp.c.obj
 .debug_info    0x00001913       0xd4 CMakeFiles/test_dwt.elf.dir/Core/Src/stm32g4xx_it.c.obj
 .debug_info    0x000019e7      0x39c CMakeFiles/test_dwt.elf.dir/Core/Src/system_stm32g4xx.c.obj
 .debug_info    0x00001d83      0xe5e CMakeFiles/test_dwt.elf.dir/Core/Src/usart.c.obj
 .debug_info    0x00002be1       0x30 CMakeFiles/test_dwt.elf.dir/Core/Startup/startup_stm32g431rbtx.s.obj
 .debug_info    0x00002c11      0xb52 CMakeFiles/test_dwt.elf.dir/Drivers/STM32G4xx_HAL_Driver/Src/stm32g4xx_hal.c.obj
 .debug_info    0x00003763      0xf24 CMakeFiles/test_dwt.elf.dir/Drivers/STM32G4xx_HAL_Driver/Src/stm32g4xx_hal_cortex.c.obj
 .debug_info    0x00004687      0x795 CMakeFiles/test_dwt.elf.dir/Drivers/STM32G4xx_HAL_Driver/Src/stm32g4xx_hal_gpio.c.obj
 .debug_info    0x00004e1c      0x9bd CMakeFiles/test_dwt.elf.dir/Drivers/STM32G4xx_HAL_Driver/Src/stm32g4xx_hal_pwr_ex.c.obj
 .debug_info    0x000057d9      0xddb CMakeFiles/test_dwt.elf.dir/Drivers/STM32G4xx_HAL_Driver/Src/stm32g4xx_hal_rcc.c.obj
 .debug_info    0x000065b4      0xdf4 CMakeFiles/test_dwt.elf.dir/Drivers/STM32G4xx_HAL_Driver/Src/stm32g4xx_hal_rcc_ex.c.obj
 .debug_info    0x000073a8     0x5fa7 CMakeFiles/test_dwt.elf.dir/Drivers/STM32G4xx_HAL_Driver/Src/stm32g4xx_hal_uart.c.obj
 .debug_info    0x0000d34f     0x11ee CMakeFiles/test_dwt.elf.dir/Drivers/STM32G4xx_HAL_Driver/Src/stm32g4xx_hal_uart_ex.c.obj
 .debug_info    0x0000e53d      0x203 CMakeFiles/test_dwt.elf.dir/lib/core_delay.c.obj
 .debug_info    0x0000e740      0xaae CMakeFiles/test_dwt.elf.dir/rt-thread/bsp/board.c.obj
 .debug_info    0x0000f1ee     0x1742 CMakeFiles/test_dwt.elf.dir/rt-thread/components/finsh/cmd.c.obj
 .debug_info    0x00010930      0x8cb CMakeFiles/test_dwt.elf.dir/rt-thread/components/finsh/msh.c.obj
 .debug_info    0x000111fb      0xc4f CMakeFiles/test_dwt.elf.dir/rt-thread/components/finsh/shell.c.obj
 .debug_info    0x00011e4a       0x25 CMakeFiles/test_dwt.elf.dir/rt-thread/libcpu/arm/cortex-m4/context_gcc.S.obj
 .debug_info    0x00011e6f      0xac8 CMakeFiles/test_dwt.elf.dir/rt-thread/libcpu/arm/cortex-m4/cpuport.c.obj
 .debug_info    0x00012937      0x43b CMakeFiles/test_dwt.elf.dir/rt-thread/src/clock.c.obj
 .debug_info    0x00012d72      0x634 CMakeFiles/test_dwt.elf.dir/rt-thread/src/components.c.obj
 .debug_info    0x000133a6      0x434 CMakeFiles/test_dwt.elf.dir/rt-thread/src/idle.c.obj
 .debug_info    0x000137da     0x11f7 CMakeFiles/test_dwt.elf.dir/rt-thread/src/ipc.c.obj
 .debug_info    0x000149d1      0x182 CMakeFiles/test_dwt.elf.dir/rt-thread/src/irq.c.obj
 .debug_info    0x00014b53     0x10cc CMakeFiles/test_dwt.elf.dir/rt-thread/src/kservice.c.obj
 .debug_info    0x00015c1f      0x76b CMakeFiles/test_dwt.elf.dir/rt-thread/src/object.c.obj
 .debug_info    0x0001638a      0x77e CMakeFiles/test_dwt.elf.dir/rt-thread/src/scheduler.c.obj
 .debug_info    0x00016b08     0x10a3 CMakeFiles/test_dwt.elf.dir/rt-thread/src/thread.c.obj
 .debug_info    0x00017bab      0xa31 CMakeFiles/test_dwt.elf.dir/rt-thread/src/timer.c.obj

.debug_abbrev   0x00000000     0x49fd
 .debug_abbrev  0x00000000      0x177 CMakeFiles/test_dwt.elf.dir/APPlication/application.c.obj
 .debug_abbrev  0x00000177      0x164 CMakeFiles/test_dwt.elf.dir/Core/Src/gpio.c.obj
 .debug_abbrev  0x000002db      0x24c CMakeFiles/test_dwt.elf.dir/Core/Src/main.c.obj
 .debug_abbrev  0x00000527       0xd7 CMakeFiles/test_dwt.elf.dir/Core/Src/stm32g4xx_hal_msp.c.obj
 .debug_abbrev  0x000005fe       0x45 CMakeFiles/test_dwt.elf.dir/Core/Src/stm32g4xx_it.c.obj
 .debug_abbrev  0x00000643      0x120 CMakeFiles/test_dwt.elf.dir/Core/Src/system_stm32g4xx.c.obj
 .debug_abbrev  0x00000763      0x223 CMakeFiles/test_dwt.elf.dir/Core/Src/usart.c.obj
 .debug_abbrev  0x00000986       0x24 CMakeFiles/test_dwt.elf.dir/Core/Startup/startup_stm32g431rbtx.s.obj
 .debug_abbrev  0x000009aa      0x27d CMakeFiles/test_dwt.elf.dir/Drivers/STM32G4xx_HAL_Driver/Src/stm32g4xx_hal.c.obj
 .debug_abbrev  0x00000c27      0x390 CMakeFiles/test_dwt.elf.dir/Drivers/STM32G4xx_HAL_Driver/Src/stm32g4xx_hal_cortex.c.obj
 .debug_abbrev  0x00000fb7      0x1f9 CMakeFiles/test_dwt.elf.dir/Drivers/STM32G4xx_HAL_Driver/Src/stm32g4xx_hal_gpio.c.obj
 .debug_abbrev  0x000011b0      0x249 CMakeFiles/test_dwt.elf.dir/Drivers/STM32G4xx_HAL_Driver/Src/stm32g4xx_hal_pwr_ex.c.obj
 .debug_abbrev  0x000013f9      0x2ab CMakeFiles/test_dwt.elf.dir/Drivers/STM32G4xx_HAL_Driver/Src/stm32g4xx_hal_rcc.c.obj
 .debug_abbrev  0x000016a4      0x27f CMakeFiles/test_dwt.elf.dir/Drivers/STM32G4xx_HAL_Driver/Src/stm32g4xx_hal_rcc_ex.c.obj
 .debug_abbrev  0x00001923      0x32e CMakeFiles/test_dwt.elf.dir/Drivers/STM32G4xx_HAL_Driver/Src/stm32g4xx_hal_uart.c.obj
 .debug_abbrev  0x00001c51      0x33b CMakeFiles/test_dwt.elf.dir/Drivers/STM32G4xx_HAL_Driver/Src/stm32g4xx_hal_uart_ex.c.obj
 .debug_abbrev  0x00001f8c      0x111 CMakeFiles/test_dwt.elf.dir/lib/core_delay.c.obj
 .debug_abbrev  0x0000209d      0x271 CMakeFiles/test_dwt.elf.dir/rt-thread/bsp/board.c.obj
 .debug_abbrev  0x0000230e      0x3f4 CMakeFiles/test_dwt.elf.dir/rt-thread/components/finsh/cmd.c.obj
 .debug_abbrev  0x00002702      0x2e3 CMakeFiles/test_dwt.elf.dir/rt-thread/components/finsh/msh.c.obj
 .debug_abbrev  0x000029e5      0x3ed CMakeFiles/test_dwt.elf.dir/rt-thread/components/finsh/shell.c.obj
 .debug_abbrev  0x00002dd2       0x14 CMakeFiles/test_dwt.elf.dir/rt-thread/libcpu/arm/cortex-m4/context_gcc.S.obj
 .debug_abbrev  0x00002de6      0x2c1 CMakeFiles/test_dwt.elf.dir/rt-thread/libcpu/arm/cortex-m4/cpuport.c.obj
 .debug_abbrev  0x000030a7      0x1b7 CMakeFiles/test_dwt.elf.dir/rt-thread/src/clock.c.obj
 .debug_abbrev  0x0000325e      0x235 CMakeFiles/test_dwt.elf.dir/rt-thread/src/components.c.obj
 .debug_abbrev  0x00003493      0x193 CMakeFiles/test_dwt.elf.dir/rt-thread/src/idle.c.obj
 .debug_abbrev  0x00003626      0x338 CMakeFiles/test_dwt.elf.dir/rt-thread/src/ipc.c.obj
 .debug_abbrev  0x0000395e      0x10a CMakeFiles/test_dwt.elf.dir/rt-thread/src/irq.c.obj
 .debug_abbrev  0x00003a68      0x3a3 CMakeFiles/test_dwt.elf.dir/rt-thread/src/kservice.c.obj
 .debug_abbrev  0x00003e0b      0x288 CMakeFiles/test_dwt.elf.dir/rt-thread/src/object.c.obj
 .debug_abbrev  0x00004093      0x296 CMakeFiles/test_dwt.elf.dir/rt-thread/src/scheduler.c.obj
 .debug_abbrev  0x00004329      0x342 CMakeFiles/test_dwt.elf.dir/rt-thread/src/thread.c.obj
 .debug_abbrev  0x0000466b      0x392 CMakeFiles/test_dwt.elf.dir/rt-thread/src/timer.c.obj

.debug_loclists
                0x00000000     0x8ce2
 .debug_loclists
                0x00000000       0x23 CMakeFiles/test_dwt.elf.dir/APPlication/application.c.obj
 .debug_loclists
                0x00000023       0x45 CMakeFiles/test_dwt.elf.dir/Core/Src/main.c.obj
 .debug_loclists
                0x00000068       0x65 CMakeFiles/test_dwt.elf.dir/Core/Src/system_stm32g4xx.c.obj
 .debug_loclists
                0x000000cd       0x49 CMakeFiles/test_dwt.elf.dir/Core/Src/usart.c.obj
 .debug_loclists
                0x00000116      0x12f CMakeFiles/test_dwt.elf.dir/Drivers/STM32G4xx_HAL_Driver/Src/stm32g4xx_hal.c.obj
 .debug_loclists
                0x00000245      0x431 CMakeFiles/test_dwt.elf.dir/Drivers/STM32G4xx_HAL_Driver/Src/stm32g4xx_hal_cortex.c.obj
 .debug_loclists
                0x00000676      0x267 CMakeFiles/test_dwt.elf.dir/Drivers/STM32G4xx_HAL_Driver/Src/stm32g4xx_hal_gpio.c.obj
 .debug_loclists
                0x000008dd      0x58f CMakeFiles/test_dwt.elf.dir/Drivers/STM32G4xx_HAL_Driver/Src/stm32g4xx_hal_pwr_ex.c.obj
 .debug_loclists
                0x00000e6c      0x568 CMakeFiles/test_dwt.elf.dir/Drivers/STM32G4xx_HAL_Driver/Src/stm32g4xx_hal_rcc.c.obj
 .debug_loclists
                0x000013d4      0xca9 CMakeFiles/test_dwt.elf.dir/Drivers/STM32G4xx_HAL_Driver/Src/stm32g4xx_hal_rcc_ex.c.obj
 .debug_loclists
                0x0000207d     0x354e CMakeFiles/test_dwt.elf.dir/Drivers/STM32G4xx_HAL_Driver/Src/stm32g4xx_hal_uart.c.obj
 .debug_loclists
                0x000055cb      0x767 CMakeFiles/test_dwt.elf.dir/Drivers/STM32G4xx_HAL_Driver/Src/stm32g4xx_hal_uart_ex.c.obj
 .debug_loclists
                0x00005d32       0xa5 CMakeFiles/test_dwt.elf.dir/lib/core_delay.c.obj
 .debug_loclists
                0x00005dd7       0x7a CMakeFiles/test_dwt.elf.dir/rt-thread/bsp/board.c.obj
 .debug_loclists
                0x00005e51      0x655 CMakeFiles/test_dwt.elf.dir/rt-thread/components/finsh/cmd.c.obj
 .debug_loclists
                0x000064a6      0x399 CMakeFiles/test_dwt.elf.dir/rt-thread/components/finsh/msh.c.obj
 .debug_loclists
                0x0000683f      0x11f CMakeFiles/test_dwt.elf.dir/rt-thread/components/finsh/shell.c.obj
 .debug_loclists
                0x0000695e      0x124 CMakeFiles/test_dwt.elf.dir/rt-thread/libcpu/arm/cortex-m4/cpuport.c.obj
 .debug_loclists
                0x00006a82       0x8e CMakeFiles/test_dwt.elf.dir/rt-thread/src/clock.c.obj
 .debug_loclists
                0x00006b10       0x75 CMakeFiles/test_dwt.elf.dir/rt-thread/src/components.c.obj
 .debug_loclists
                0x00006b85       0x17 CMakeFiles/test_dwt.elf.dir/rt-thread/src/idle.c.obj
 .debug_loclists
                0x00006b9c      0x66e CMakeFiles/test_dwt.elf.dir/rt-thread/src/ipc.c.obj
 .debug_loclists
                0x0000720a       0x41 CMakeFiles/test_dwt.elf.dir/rt-thread/src/irq.c.obj
 .debug_loclists
                0x0000724b      0xda6 CMakeFiles/test_dwt.elf.dir/rt-thread/src/kservice.c.obj
 .debug_loclists
                0x00007ff1      0x333 CMakeFiles/test_dwt.elf.dir/rt-thread/src/object.c.obj
 .debug_loclists
                0x00008324      0x147 CMakeFiles/test_dwt.elf.dir/rt-thread/src/scheduler.c.obj
 .debug_loclists
                0x0000846b      0x4d1 CMakeFiles/test_dwt.elf.dir/rt-thread/src/thread.c.obj
 .debug_loclists
                0x0000893c      0x3a6 CMakeFiles/test_dwt.elf.dir/rt-thread/src/timer.c.obj

.debug_aranges  0x00000000      0xfb0
 .debug_aranges
                0x00000000       0x28 CMakeFiles/test_dwt.elf.dir/APPlication/application.c.obj
 .debug_aranges
                0x00000028       0x20 CMakeFiles/test_dwt.elf.dir/Core/Src/gpio.c.obj
 .debug_aranges
                0x00000048       0x30 CMakeFiles/test_dwt.elf.dir/Core/Src/main.c.obj
 .debug_aranges
                0x00000078       0x20 CMakeFiles/test_dwt.elf.dir/Core/Src/stm32g4xx_hal_msp.c.obj
 .debug_aranges
                0x00000098       0x48 CMakeFiles/test_dwt.elf.dir/Core/Src/stm32g4xx_it.c.obj
 .debug_aranges
                0x000000e0       0x28 CMakeFiles/test_dwt.elf.dir/Core/Src/system_stm32g4xx.c.obj
 .debug_aranges
                0x00000108       0x30 CMakeFiles/test_dwt.elf.dir/Core/Src/usart.c.obj
 .debug_aranges
                0x00000138       0x28 CMakeFiles/test_dwt.elf.dir/Core/Startup/startup_stm32g431rbtx.s.obj
 .debug_aranges
                0x00000160      0x130 CMakeFiles/test_dwt.elf.dir/Drivers/STM32G4xx_HAL_Driver/Src/stm32g4xx_hal.c.obj
 .debug_aranges
                0x00000290       0xe0 CMakeFiles/test_dwt.elf.dir/Drivers/STM32G4xx_HAL_Driver/Src/stm32g4xx_hal_cortex.c.obj
 .debug_aranges
                0x00000370       0x58 CMakeFiles/test_dwt.elf.dir/Drivers/STM32G4xx_HAL_Driver/Src/stm32g4xx_hal_gpio.c.obj
 .debug_aranges
                0x000003c8      0x140 CMakeFiles/test_dwt.elf.dir/Drivers/STM32G4xx_HAL_Driver/Src/stm32g4xx_hal_pwr_ex.c.obj
 .debug_aranges
                0x00000508       0x98 CMakeFiles/test_dwt.elf.dir/Drivers/STM32G4xx_HAL_Driver/Src/stm32g4xx_hal_rcc.c.obj
 .debug_aranges
                0x000005a0       0xb0 CMakeFiles/test_dwt.elf.dir/Drivers/STM32G4xx_HAL_Driver/Src/stm32g4xx_hal_rcc_ex.c.obj
 .debug_aranges
                0x00000650      0x248 CMakeFiles/test_dwt.elf.dir/Drivers/STM32G4xx_HAL_Driver/Src/stm32g4xx_hal_uart.c.obj
 .debug_aranges
                0x00000898       0xa0 CMakeFiles/test_dwt.elf.dir/Drivers/STM32G4xx_HAL_Driver/Src/stm32g4xx_hal_uart_ex.c.obj
 .debug_aranges
                0x00000938       0x38 CMakeFiles/test_dwt.elf.dir/lib/core_delay.c.obj
 .debug_aranges
                0x00000970       0x40 CMakeFiles/test_dwt.elf.dir/rt-thread/bsp/board.c.obj
 .debug_aranges
                0x000009b0       0x68 CMakeFiles/test_dwt.elf.dir/rt-thread/components/finsh/cmd.c.obj
 .debug_aranges
                0x00000a18       0x60 CMakeFiles/test_dwt.elf.dir/rt-thread/components/finsh/msh.c.obj
 .debug_aranges
                0x00000a78       0x70 CMakeFiles/test_dwt.elf.dir/rt-thread/components/finsh/shell.c.obj
 .debug_aranges
                0x00000ae8       0x20 CMakeFiles/test_dwt.elf.dir/rt-thread/libcpu/arm/cortex-m4/context_gcc.S.obj
 .debug_aranges
                0x00000b08       0x60 CMakeFiles/test_dwt.elf.dir/rt-thread/libcpu/arm/cortex-m4/cpuport.c.obj
 .debug_aranges
                0x00000b68       0x40 CMakeFiles/test_dwt.elf.dir/rt-thread/src/clock.c.obj
 .debug_aranges
                0x00000ba8       0x68 CMakeFiles/test_dwt.elf.dir/rt-thread/src/components.c.obj
 .debug_aranges
                0x00000c10       0x38 CMakeFiles/test_dwt.elf.dir/rt-thread/src/idle.c.obj
 .debug_aranges
                0x00000c48       0x88 CMakeFiles/test_dwt.elf.dir/rt-thread/src/ipc.c.obj
 .debug_aranges
                0x00000cd0       0x30 CMakeFiles/test_dwt.elf.dir/rt-thread/src/irq.c.obj
 .debug_aranges
                0x00000d00       0xe0 CMakeFiles/test_dwt.elf.dir/rt-thread/src/kservice.c.obj
 .debug_aranges
                0x00000de0       0x60 CMakeFiles/test_dwt.elf.dir/rt-thread/src/object.c.obj
 .debug_aranges
                0x00000e40       0x58 CMakeFiles/test_dwt.elf.dir/rt-thread/src/scheduler.c.obj
 .debug_aranges
                0x00000e98       0xa0 CMakeFiles/test_dwt.elf.dir/rt-thread/src/thread.c.obj
 .debug_aranges
                0x00000f38       0x78 CMakeFiles/test_dwt.elf.dir/rt-thread/src/timer.c.obj

.debug_rnglists
                0x00000000      0xc17
 .debug_rnglists
                0x00000000       0x19 CMakeFiles/test_dwt.elf.dir/APPlication/application.c.obj
 .debug_rnglists
                0x00000019       0x14 CMakeFiles/test_dwt.elf.dir/Core/Src/gpio.c.obj
 .debug_rnglists
                0x0000002d       0x1f CMakeFiles/test_dwt.elf.dir/Core/Src/main.c.obj
 .debug_rnglists
                0x0000004c       0x13 CMakeFiles/test_dwt.elf.dir/Core/Src/stm32g4xx_hal_msp.c.obj
 .debug_rnglists
                0x0000005f       0x31 CMakeFiles/test_dwt.elf.dir/Core/Src/stm32g4xx_it.c.obj
 .debug_rnglists
                0x00000090       0x1a CMakeFiles/test_dwt.elf.dir/Core/Src/system_stm32g4xx.c.obj
 .debug_rnglists
                0x000000aa       0x20 CMakeFiles/test_dwt.elf.dir/Core/Src/usart.c.obj
 .debug_rnglists
                0x000000ca       0x19 CMakeFiles/test_dwt.elf.dir/Core/Startup/startup_stm32g431rbtx.s.obj
 .debug_rnglists
                0x000000e3       0xdf CMakeFiles/test_dwt.elf.dir/Drivers/STM32G4xx_HAL_Driver/Src/stm32g4xx_hal.c.obj
 .debug_rnglists
                0x000001c2       0xa3 CMakeFiles/test_dwt.elf.dir/Drivers/STM32G4xx_HAL_Driver/Src/stm32g4xx_hal_cortex.c.obj
 .debug_rnglists
                0x00000265       0x3f CMakeFiles/test_dwt.elf.dir/Drivers/STM32G4xx_HAL_Driver/Src/stm32g4xx_hal_gpio.c.obj
 .debug_rnglists
                0x000002a4       0xf1 CMakeFiles/test_dwt.elf.dir/Drivers/STM32G4xx_HAL_Driver/Src/stm32g4xx_hal_pwr_ex.c.obj
 .debug_rnglists
                0x00000395       0x81 CMakeFiles/test_dwt.elf.dir/Drivers/STM32G4xx_HAL_Driver/Src/stm32g4xx_hal_rcc.c.obj
 .debug_rnglists
                0x00000416       0x92 CMakeFiles/test_dwt.elf.dir/Drivers/STM32G4xx_HAL_Driver/Src/stm32g4xx_hal_rcc_ex.c.obj
 .debug_rnglists
                0x000004a8      0x1cb CMakeFiles/test_dwt.elf.dir/Drivers/STM32G4xx_HAL_Driver/Src/stm32g4xx_hal_uart.c.obj
 .debug_rnglists
                0x00000673       0x76 CMakeFiles/test_dwt.elf.dir/Drivers/STM32G4xx_HAL_Driver/Src/stm32g4xx_hal_uart_ex.c.obj
 .debug_rnglists
                0x000006e9       0x25 CMakeFiles/test_dwt.elf.dir/lib/core_delay.c.obj
 .debug_rnglists
                0x0000070e       0x2b CMakeFiles/test_dwt.elf.dir/rt-thread/bsp/board.c.obj
 .debug_rnglists
                0x00000739       0xc7 CMakeFiles/test_dwt.elf.dir/rt-thread/components/finsh/cmd.c.obj
 .debug_rnglists
                0x00000800       0x51 CMakeFiles/test_dwt.elf.dir/rt-thread/components/finsh/msh.c.obj
 .debug_rnglists
                0x00000851       0x51 CMakeFiles/test_dwt.elf.dir/rt-thread/components/finsh/shell.c.obj
 .debug_rnglists
                0x000008a2       0x47 CMakeFiles/test_dwt.elf.dir/rt-thread/libcpu/arm/cortex-m4/cpuport.c.obj
 .debug_rnglists
                0x000008e9       0x2b CMakeFiles/test_dwt.elf.dir/rt-thread/src/clock.c.obj
 .debug_rnglists
                0x00000914       0x49 CMakeFiles/test_dwt.elf.dir/rt-thread/src/components.c.obj
 .debug_rnglists
                0x0000095d       0x25 CMakeFiles/test_dwt.elf.dir/rt-thread/src/idle.c.obj
 .debug_rnglists
                0x00000982       0x63 CMakeFiles/test_dwt.elf.dir/rt-thread/src/ipc.c.obj
 .debug_rnglists
                0x000009e5       0x1f CMakeFiles/test_dwt.elf.dir/rt-thread/src/irq.c.obj
 .debug_rnglists
                0x00000a04       0xbd CMakeFiles/test_dwt.elf.dir/rt-thread/src/kservice.c.obj
 .debug_rnglists
                0x00000ac1       0x43 CMakeFiles/test_dwt.elf.dir/rt-thread/src/object.c.obj
 .debug_rnglists
                0x00000b04       0x49 CMakeFiles/test_dwt.elf.dir/rt-thread/src/scheduler.c.obj
 .debug_rnglists
                0x00000b4d       0x73 CMakeFiles/test_dwt.elf.dir/rt-thread/src/thread.c.obj
 .debug_rnglists
                0x00000bc0       0x57 CMakeFiles/test_dwt.elf.dir/rt-thread/src/timer.c.obj

.debug_line     0x00000000    0x116e3
 .debug_line    0x00000000      0x24e CMakeFiles/test_dwt.elf.dir/APPlication/application.c.obj
 .debug_line    0x0000024e      0x227 CMakeFiles/test_dwt.elf.dir/Core/Src/gpio.c.obj
 .debug_line    0x00000475      0x429 CMakeFiles/test_dwt.elf.dir/Core/Src/main.c.obj
 .debug_line    0x0000089e      0x1de CMakeFiles/test_dwt.elf.dir/Core/Src/stm32g4xx_hal_msp.c.obj
 .debug_line    0x00000a7c      0x112 CMakeFiles/test_dwt.elf.dir/Core/Src/stm32g4xx_it.c.obj
 .debug_line    0x00000b8e      0x23a CMakeFiles/test_dwt.elf.dir/Core/Src/system_stm32g4xx.c.obj
 .debug_line    0x00000dc8      0x3d6 CMakeFiles/test_dwt.elf.dir/Core/Src/usart.c.obj
 .debug_line    0x0000119e       0x7b CMakeFiles/test_dwt.elf.dir/Core/Startup/startup_stm32g431rbtx.s.obj
 .debug_line    0x00001219      0x6e6 CMakeFiles/test_dwt.elf.dir/Drivers/STM32G4xx_HAL_Driver/Src/stm32g4xx_hal.c.obj
 .debug_line    0x000018ff      0x86b CMakeFiles/test_dwt.elf.dir/Drivers/STM32G4xx_HAL_Driver/Src/stm32g4xx_hal_cortex.c.obj
 .debug_line    0x0000216a      0x6de CMakeFiles/test_dwt.elf.dir/Drivers/STM32G4xx_HAL_Driver/Src/stm32g4xx_hal_gpio.c.obj
 .debug_line    0x00002848      0xaa0 CMakeFiles/test_dwt.elf.dir/Drivers/STM32G4xx_HAL_Driver/Src/stm32g4xx_hal_pwr_ex.c.obj
 .debug_line    0x000032e8      0xe1f CMakeFiles/test_dwt.elf.dir/Drivers/STM32G4xx_HAL_Driver/Src/stm32g4xx_hal_rcc.c.obj
 .debug_line    0x00004107     0x1094 CMakeFiles/test_dwt.elf.dir/Drivers/STM32G4xx_HAL_Driver/Src/stm32g4xx_hal_rcc_ex.c.obj
 .debug_line    0x0000519b     0x6384 CMakeFiles/test_dwt.elf.dir/Drivers/STM32G4xx_HAL_Driver/Src/stm32g4xx_hal_uart.c.obj
 .debug_line    0x0000b51f      0xd5e CMakeFiles/test_dwt.elf.dir/Drivers/STM32G4xx_HAL_Driver/Src/stm32g4xx_hal_uart_ex.c.obj
 .debug_line    0x0000c27d      0x252 CMakeFiles/test_dwt.elf.dir/lib/core_delay.c.obj
 .debug_line    0x0000c4cf      0x433 CMakeFiles/test_dwt.elf.dir/rt-thread/bsp/board.c.obj
 .debug_line    0x0000c902      0x8d8 CMakeFiles/test_dwt.elf.dir/rt-thread/components/finsh/cmd.c.obj
 .debug_line    0x0000d1da      0x637 CMakeFiles/test_dwt.elf.dir/rt-thread/components/finsh/msh.c.obj
 .debug_line    0x0000d811      0x70c CMakeFiles/test_dwt.elf.dir/rt-thread/components/finsh/shell.c.obj
 .debug_line    0x0000df1d       0xb5 CMakeFiles/test_dwt.elf.dir/rt-thread/libcpu/arm/cortex-m4/context_gcc.S.obj
 .debug_line    0x0000dfd2      0x3db CMakeFiles/test_dwt.elf.dir/rt-thread/libcpu/arm/cortex-m4/cpuport.c.obj
 .debug_line    0x0000e3ad      0x192 CMakeFiles/test_dwt.elf.dir/rt-thread/src/clock.c.obj
 .debug_line    0x0000e53f      0x225 CMakeFiles/test_dwt.elf.dir/rt-thread/src/components.c.obj
 .debug_line    0x0000e764      0x11b CMakeFiles/test_dwt.elf.dir/rt-thread/src/idle.c.obj
 .debug_line    0x0000e87f      0x8ee CMakeFiles/test_dwt.elf.dir/rt-thread/src/ipc.c.obj
 .debug_line    0x0000f16d      0x12b CMakeFiles/test_dwt.elf.dir/rt-thread/src/irq.c.obj
 .debug_line    0x0000f298      0xeba CMakeFiles/test_dwt.elf.dir/rt-thread/src/kservice.c.obj
 .debug_line    0x00010152      0x3de CMakeFiles/test_dwt.elf.dir/rt-thread/src/object.c.obj
 .debug_line    0x00010530      0x3d1 CMakeFiles/test_dwt.elf.dir/rt-thread/src/scheduler.c.obj
 .debug_line    0x00010901      0x758 CMakeFiles/test_dwt.elf.dir/rt-thread/src/thread.c.obj
 .debug_line    0x00011059      0x68a CMakeFiles/test_dwt.elf.dir/rt-thread/src/timer.c.obj

.debug_str      0x00000000     0x5081